http://web.archive.org/web/20130208154243id_/http://www.cnn.com:80/2012/12/24/showbiz/tv/how-i-met-your-mother-ninth-season-ew/?

-- @entity1 has come early for fans of " @entity3			2
" @entity0 has confirmed that @entity5 ' monday night comedy is expected to return for a stunning ninth season			1
though nothing 's official yet , talks are thisclose with the actors and the studio , @entity11 , to bring the sitcom back for another year on tv 's most - watched network			2
the series from @entity16 and @entity17 continues to perform well for @entity5 ; monday 's episode averaged a 3.4 rating in adults 18 - 49 and 8.6 million viewers			1
contracts for the actors — who include the multi-talented @entity24 and @entity25 , who has a flourishing film career — were set to expire at the end of the season			0
deadline first reported the talks			0
the comedy took an exciting turn for fans on monday when @entity34 ( @entity24 ) and @entity35 ( @entity36 ) got engaged , leaving @entity37 ( @entity38 ) to search for new love after eight will - they - or - wo n't - they - moments between him and @entity35			1
when talking to @entity0 about the happy couple , @entity16 addressed @entity37 's next chapter while teasing the possibility of another year for the five best buddies			0
@entity44 ' ' @entity46 ' trailer posted " there 's still @entity48 , who is just the best friend in the world to @entity35 and to @entity34 , and he 's still out there searching , " @entity16 said			1
" there 's definitely a ' to be continued ' feeling			0
if @entity34 and @entity35 have gotten to the place we 've always promised and are heading toward a wedding potentially , what 's in store for @entity37 ? it 's a nice moment to end on			1
it sort of feels like a mini season finale even though it 's just a midseason finale			2
it feels like , ' alright now , let 's see what the next — and possibly last — chapter is for @entity37			0
' how does he move into his future if we are watching @entity34 and @entity35 move into theirs ? in the way that @entity1 is sort of great and a little bit sad and nostalgic and wistful — that 's definitely how i feel at the end of the episode			1
and hopefully people will feel a feeling of resolution , in terms of waiting for @entity34 and @entity35 to reunite , but also a question left unanswered			1
stay tuned for what either will be the final 10 episodes ever of the show or possibly that plus one more final season			0
" see the original article at @entity0			0
click here to try 2 risk free issues of @entity0 © 2011 @entity0 and @entity85 all rights reserved .			0

@entity5 ' " @entity3 " is expected to return for a stunning ninth season
monday 's episode averaged a 3.4 rating in adults 18 - 49 and 8.6 million viewers
the comedy took an exciting turn on monday when @entity34 and @entity35 got engaged

@entity3:HIMYM
@entity16:Thomas
@entity1:Christmas
@entity0:Entertainment Weekly
@entity35:Robin
@entity11:20th Century Fox TV
@entity5:CBS
@entity24:Neil Patrick Harris
@entity38:Josh Radnor
@entity17:Carter Bays
@entity36:Cobie Smulders
@entity37:Ted
@entity46:Derek
@entity85:Time Inc.
@entity25:Jason Segel
@entity48:Ted Mosby
@entity44:Ricky Gervais
@entity34:Barney