http://web.archive.org/web/20110129103914id_/http://edition.cnn.com/2011/SPORT/tennis/01/18/tennis.australia.murray.potro/index.html

-- @entity1 is on track to win his fourth successive grand slam after @entity4 was forced to retire during their first - round match at the @entity7 on tuesday			1
world number one @entity1 had already opened up a 6 - 0 5 - 0 lead before the @entity10 suffered a knee injury after 47 minutes of the match			1
@entity1 , a nine - time major winner , is hoping to become the first player since @entity15 in 1969 to win four consecutive grand slams			2
" i think i played right , " the 24 - year - old told the @entity19 's website ahead of his next match against @entity22 debutant @entity21 , who is ranked 116th			2
" i played some good shots , some long shots			0
the serve can be a little bit better			0
that 's the only point that i think i can improve			2
" the @entity7 should be in february ! @entity30 fifth seed @entity28 progressed to round two after his opponent also became injured			1
@entity28 , who was a beaten finalist in @entity32 last year , led @entity34 's @entity33 6 - 3 6 - 1 4 - 2 when the world number 101 succumbed to a shoulder problem			1
the match lasted for one hour and 42 minutes before @entity33 withdrew , meaning the 23 - year - old @entity28 will now face @entity38 of the @entity39 who beat @entity41 's @entity40			1
" i thought it was a pretty good match , " said @entity28			1
" obviously you 'd rather finish the match off without your opponent being hurt , but it does happen quite a lot			0
so you just have to move on and get yourself ready for the next round			0
" @entity48 scored a victory on his return to @entity52 action , as he defeated @entity54 's @entity53 7 - 6 6 - 4 6 - 4			1
@entity55 's @entity48 , the 2009 @entity56 champion , has not played in one of the four majors since last year 's @entity60 tournament after struggling with a wrist injury			1
" today i played good tennis again , " the former world number four said			0
" but i 'm really enjoying this week			0
i met with all the players , especially the top - 10 players			0
they supported me when i was very bad			0
so now i am face to face with them i can say thank you			0
" @entity48 will now play the 2006 @entity7 champion @entity68 , who beat @entity70 's @entity69 3 - 6 7 - 5 6 - 1 4 - 6 6 - 2			1
@entity72 's @entity71 and @entity73 of @entity55 played out a five - set clash which lasted four hours and 48 minutes at the @entity75 in a rematch of the 2002 @entity78 final			1
@entity73 eventually sealed a 3 - 6 6 - 4 3 - 6 7 - 6 9 - 7 victory , with the final set lasting 93 minutes , as he avenged that defeat and also his reverse to @entity71 in the 2005 @entity84 quarterfinals			0
@entity86 's @entity85 will be @entity73 's second - round opponent after he beat another @entity72 @entity87 6 - 4 6 - 2 7 - 5			2
@entity89 's @entity88 came from two sets down to claim a 4 - 6 2 - 6 6 - 2 6 - 3 6 - 4 triumph over @entity92 of @entity93			0
@entity88 , seeded 13th , eventually won the match after 194 minutes to set up a tie against @entity96 after the @entity97 defeated @entity98			0
@entity22 's @entity99 hit 26 aces on his way to a 6 - 3 7 - 6 6 - 3 win over @entity103 of @entity89			2
@entity99 is set to face @entity104 of the @entity105 in the second round , who advanced at the expense of @entity109 .			1

@entity1 is into the second round of the @entity7 after @entity4 retired
@entity28 is through after @entity33 was also forced to retire in their match
he is *joined* in the next round by @entity55 's @entity48 , who beat @entity53
@entity68 , @entity99 and @entity104 all scored victories in @entity32

@entity22:America
@entity21:Ryan Sweeting
@entity28:Andy Murray
@entity15:Rod Laver
@entity84:Austalian Open
@entity85:Ricardas Berankis
@entity86:Lithuania
@entity87:Marinko Matosevic
@entity88:Tsonga
@entity89:France
@entity1:Rafael Nadal
@entity0:CNN
@entity7:Australian Open
@entity4:Marcos Daniel
@entity53:Dudi Sela
@entity52:Grand Slam
@entity56:U.S. Open
@entity55:Argentina
@entity54:Israel
@entity75:Rod Laver Arena
@entity71:Hewitt
@entity70:Slovenia
@entity73:Nalbandian
@entity72:Australian
@entity30:British
@entity33:Karol Beck
@entity32:Melbourne
@entity34:Slovakia
@entity10:Brazilian
@entity39:Ukraine
@entity38:Illya Marchenko
@entity19:ATP Tour
@entity103:Florent Serra
@entity104:Radek Stepanek
@entity105:Czech Republic
@entity99:John Isner
@entity98:Arnaud Clement
@entity97:Italian
@entity109:Deni Gremelmayr
@entity93:Germany
@entity92:Philipp Petzschner
@entity78:Wimbledon
@entity96:Andreas Seppi
@entity40:Ruben Ramirez Hidalgo
@entity41:Spain
@entity68:Marcos Baghdatis
@entity69:Grega Zemlja
@entity48:Juan Martin del Potro
@entity60:Melbourne Park