http://web.archive.org/web/20150611070535id_/http://edition.cnn.com/2011/CRIME/01/23/arizona.shooting/index.html

@entity0 -- doctors at the @entity0 hospital where @entity5 rep. @entity4 was transferred said that while she remains in intensive care , she has surprised them with the progress she has already made			1
@entity4 , 40 , who was shot in the head at a public event in @entity10 on january 8 , was transferred friday to @entity11			1
it was thought the congresswoman would begin rehabilitation at @entity15 ( @entity15 ) @entity16 , but officials said she was taken instead to the hospital 's trauma center for evaluation and treatment			2
" she 's not quite ready for rehabilitation yet , " dr. @entity22 of @entity16 told @entity1 on thursday			2
@entity22 would not elaborate , but on friday , dr. @entity24 told reporters that @entity4 has fluid on her brain			1
" there 's a little fluid collection that the docs have put a drain into , around her brain , and that drain is still in place , " he said			1
" with that drain in place , she ca n't leave the @entity36			1
" he said @entity4 will remain in the hospital while " this drain business " is sorted out and doctors make sure no infection is developing			1
during that time , she will undergo rehabilitation in the intensive care unit , as she was at @entity43 , @entity10 's @entity44			0
that rehabilitation was under way on saturday , dr. @entity47 , the hospital 's medical director , told reporters			0
" she 's doing very well , " he said			0
the exercises involve moving , sitting and standing , he said			0
" we 're still in that phase of discovering what she can and can not do so we can come up with the best combination of therapy			0
" @entity4 " surprised us , " he said			1
" she did not need as much assistance as we anticipated			1
" doctors had said earlier that @entity4 has been able to stand with assistance			1
" she 's activating her muscles even more than what i had anticipated , " @entity47 said			0
@entity4 has a breathing tube in her neck and can not talk , but @entity47 said he believes she is trying to communicate			1
she is very responsive to others , and follows commands			0
he said doctors were particularly encouraged by @entity4 ' bringing her left leg , which was dangling off the side of the bed , up onto the bed			1
@entity4 has good movement and muscle tone on her left side , he said , and some on her right side as well , although not as much as the left			1
she was shot in the left side of her brain , which controls her right side			0
@entity10 doctors said @entity4 ' transfer went flawlessly			2
dr. @entity83 of the @entity44 trauma center said that at some points as she traveled through the streets of @entity43 , @entity4 could hear applause from those who turned out to honor her			2
" she responded very well to that , " he said , smiling and even tearing up a bit			0
" it was very emotional			0
" six people died in the shooting at a @entity43 supermarket earlier this month , including a federal judge and a 9 - year - old girl			0
a total of 19 people were shot			0
@entity4 is the only one who remains hospitalized			2
police said they believe suspect @entity100 , 22 , targeted @entity4 in the attack			2
@entity100 is in custody and facing federal charges			0
despite reaching a series of milestones , @entity4 has a long road ahead , doctors have said			2
once she enters rehabilitation , the process is expected to take four to six months			1
@entity1 's @entity110 contributed to this report			0

doctor : @entity4 " does not need as much assistance as we had anticipated "
she will remain in @entity36 while fluid is drained off her brain
the rehabilitation process is expected to take 4 to 6 months

@entity22:Kim
@entity16:Memorial Hermann
@entity1:CNN
@entity0:Houston
@entity5:U.S.
@entity11:Memorial Hermann-Texas Medical Center
@entity10:Arizona
@entity4:Giffords
@entity15:TIRR
@entity36:ICU
@entity43:Tucson
@entity24:John Holcomb
@entity47:Francisco
@entity100:Loughner
@entity110:Elizabeth Cohen
@entity83:Randall Friese
@entity44:UMC