http://web.archive.org/web/20110122142727id_/http://www.cnn.com/2009/SPORT/football/08/29/football.italy.inter.milan/index.html

-- @entity2 's title defense got back on track with a crushing 4 - 0 win over city rivals @entity5 , after three first - half strikes capitalized on the sending off of @entity5 skipper @entity7 on saturday night at the @entity8			1
new boys @entity10 ( left ) and @entity11 celebrate @entity2 's impressive victory over @entity5			2
@entity13 put @entity15 's men in the lead , scoring his first goal for the club after thirty minutes with a left - foot strike , after being played in by fellow new recruit @entity10			1
the @entity21 striker was involved again for the second when he was fouled when through on goal by an injury - hampered @entity7 to win a penalty for his side , before @entity26 slotted home from the spot on 36 minutes			1
worse followed for @entity29 when the midfielder received a red card for a tough tackle on @entity2 debutante @entity11 , before @entity34 full back @entity33 took advantage of his opponent 's reduced numbers by shooting home form the edge of the area seconds before half time			0
further humiliation came in the second half for the nominal home side when @entity45 @entity44 crashed home a 30 - yard drive to leave @entity48 to pick the ball form his net for the fourth time that evening with 23 minutes of the game left			0
it was a miserable first derby for @entity5 coach @entity54 , who is in the process of rebuilding his side after the departure of former world footballer of the year @entity58 to @entity60 giants @entity59			0
where the @entity5 have lost talent to @entity63 , @entity2 have gained ; with former @entity65 charges @entity11 and @entity10 contributing well to their side 's win			2
@entity68 midfielder @entity11 tested goalkeeper @entity48 after only six minutes to signal his team 's intent while @entity10 had a key role in the following two goals			0
@entity10 also had a goal disallowed as he headed into the net from an offside position to cap a telling performance that was in stark contrast to that of @entity68 international @entity79 who made an inauspicious debut for @entity5 after leaving @entity59			1
@entity81 came on as a second - half substitute , seemingly confirming @entity15 's belief that the player had reduced energy levels as a result of fasting for @entity87			0
elsewhere in @entity89 , @entity88 drew 0 - 0 with @entity90 despite substitute @entity91 being sent off for the home side as the game drew to a close			1
in a game of few chances @entity95 went closest to opening the scoring for the hosts .			0

@entity2 thrash rivals @entity5 4 - 0 in derby after @entity7 is sent off
goals from @entity13 , @entity26 , @entity33 and @entity44 seal humiliating defeat
@entity21 striker @entity10 has goal disallowed to cap good performance
elsewhere , @entity88 draw 0 - 0 with @entity90 despite finishing with ten men

@entity21:Cameroon
@entity26:Milito
@entity29:Gattuso
@entity15:Mourinho
@entity81:Sully Muntari
@entity87:Ramadan
@entity88:Bari
@entity89:Serie A
@entity2:Inter
@entity0:CNN
@entity7:Gennaro Gattuso
@entity5:AC Milan
@entity8:San Siro
@entity79:Klass-Jan Huntelaar
@entity54:Leonardo
@entity59:Real Madrid
@entity58:Kaka
@entity33:Maicon
@entity13:Motta
@entity34:Brazil
@entity11:Sneijder
@entity10:Samuel Eto'o
@entity95:Daniele De Vezze
@entity91:Ferdinando Sforzini
@entity90:Bologna
@entity44:Stankovic
@entity45:Serbian
@entity68:Holland
@entity65:Iberian
@entity48:Storari
@entity63:Spain
@entity60:Spanish