http://web.archive.org/web/20150528125613id_/http://edition.cnn.com/2011/SPORT/football/05/29/football.fifa.hammam.warner/index.html

-- world football 's governing body @entity1 have confirmed that vice-president @entity3 and executive committee member @entity4 have been provisionally suspended by the organization with immediate effect			1
the announcement follows an enquiry by @entity1 's @entity9 , after alleged violations of the @entity1 @entity11 linked to the upcoming @entity1 presidential election			1
@entity1 released a statement on sunday saying : " the @entity9 considered that a provisional suspension was required while the investigation continues , taking into account the gravity of the case and the likelihood that a breach of the @entity1 @entity11 and the @entity21 has been committed			2
" former rival to @entity1 president faces ethics hearing the news , following a dramatic 24 hours which saw @entity4 withdraw as the only challenger to @entity27 in next month 's presedential election , means that @entity27 will be re-elected unchallenged after he was cleared of any wrong - doing by the @entity9			1
in relation to @entity27 's case , the statement added : " regarding the proceedings opened against @entity1 president @entity27 , at the request of @entity4 , for a potential breach of the @entity1 @entity11 -- all charges were dismissed in full			1
" the @entity9 found that no breach of the @entity11 had been committed and they will meet again in due course in order to take a final decision on the matter after gathering more information and evidence on the cases			0
" @entity27 himself released a statement saying : " the @entity46 has reached its decisions			0
" i do not wish to comment in detail , but simply to say that i regret what has happened in the last few days and weeks			0
@entity1 's image has suffered a great deal as a result , " added the 75 - year - old @entity50			2
@entity54 , 62 , was a major influence in @entity57 's surprising victory in winning the right to host the @entity60 finals			2
he and @entity3 became a target for investigation after @entity63 , general secretary of regional football body @entity64 that covers @entity65 and @entity66 and the @entity67 , reported possible misdeeds during a may 10 and 11 meeting in @entity70			0
the allegations concerned whether the duo had offered cash gifts to national associations in return for pro-bin @entity4 votes in the presidential election .			0

@entity3 and @entity4 provisionally suspended by @entity1
it follows an enquiry by @entity1 's @entity9 , after alleged ethics violations
@entity54 had earlier withdrawn from the race to be named @entity1 president
*current* president @entity27 cleared of any wrong - doing by the investigation

@entity3:Jack Warner
@entity1:FIFA
@entity0:CNN
@entity27:Sepp Blatter
@entity11:Code of Ethics
@entity4:Mohamed bin Hammam
@entity21:FIFA Disciplinary Code
@entity9:Ethics Committee
@entity63:Chuck Blazer
@entity46:FIFA Ethics Committee
@entity50:Swiss
@entity57:Qatar
@entity54:Bin Hammam
@entity66:Central America
@entity67:Caribbean
@entity64:CONCACAF
@entity65:North
@entity70:Trinidad
@entity60:2022 World Cup