http://web.archive.org/web/20150326012428id_/http://www.cnn.com/2014/09/09/world/meast/yemen-violence/

@entity0 , @entity1 -- at least seven @entity6 protesters were killed and dozens were wounded tuesday when demonstrators allegedly tried to raid the ministerial cabinet building in the capital , a senior @entity4 official said			1
a government representative gave conflicting figures , saying four @entity6 protesters were killed in the attempted raid in @entity0			1
the @entity4 official said the more than 45 people who were injured were taken to @entity18 house			2
hospital officials told @entity2 that three of the injured are in critical condition			0
" the gunshot wounds are mostly to the head , back and chest , resulting in serious injuries , " a hospital official told @entity2 on condition of anonymity because he is not authorized to talk to the media			0
the @entity31 said protesters -- including some armed @entity4 -- attempted to raid the @entity33 and attacked the soldiers guarding the gates			1
" troops did their legal duties of protecting government buildings after being threatened , " the ministry said in a statement			2
the ministry said the protesters were killed and injured by the armed demonstrators within the crowd , and said several government troops were attacked and injured in the violence			1
it called on @entity4 to seek peaceful solutions for change instead of using force			2
@entity4 , also known as " @entity51 , " have been rallying for almost a month , demanding that a recently approved oil subsidy reform be revoked and that the government step down			1
until then , they say , they will not remove their tents from @entity0 and surrounding areas			0
in a televised speech monday , top @entity59 leader @entity58 called on supporters to continue protesting and launched a new stage of escalation			0
" it seemed that the government downplayed our threats and killed peaceful protesters , " @entity58 said , referring to the deaths of some demonstrators sunday			1
" their blood will not go in vain			0
" @entity4 spokesman @entity74 threatened the @entity1 government , saying the group was being forced to consider non-peaceful actions in retaliation for the attacks against protesters			1
" the government is trying to say that peaceful activities are not accepted			0
the killing of protesters will not make us take steps backwards , but rather raise our ceiling of demands , " he said			0
earlier in the month , @entity1 president @entity90 dismissed the government and agreed to a 15 % cut in fuel prices , in addition to other economic reforms , seeking to end weeks of tense protests led by tens of thousands of @entity4 loyalists			2
houthis , who follow the @entity99 sect of @entity100 , rejected the initiative .			0

several @entity4 were killed , dozens wounded in violence tuesday
@entity31 says shots came from armed protesters in crowd
@entity4 are protesting oil subsidy reform , *current* government

@entity31:Interior Ministry
@entity2:CNN
@entity1:Yemeni
@entity0:Sanaa
@entity6:pro-Houthi
@entity4:Houthis
@entity33:Ministerial Cabinet
@entity18:Al-Moayyad
@entity100:Islam
@entity51:Ansarullah
@entity99:Zaidi
@entity74:Mohammed AbdulSalam
@entity59:Ansarullah
@entity58:al-Houthi
@entity90:Abdu Rabu Mansour Hadi