http://web.archive.org/web/20140605233146id_/http://edition.cnn.com/2014/06/05/us/new-york-fire/index.html

-- when @entity2 and @entity3 saw fire engulfing a multifamily home on their densely packed @entity7 street early thursday , the @entity1 -- engaged to be married -- sprang into action			1
they called the fire department and ran to knock on doors to alert everyone to the danger			1
the situation was grim on the second floor of 203 @entity17 ; a family was trapped			2
" the father was upstairs where the fire started , and he was stuck up there , " @entity2 said			2
" he was dangling his son outside , and he could n't do anything , the black smoke was just billowing out that window			0
" @entity2 , who said the boy is around 5 years old , said he shouted up to his neighbor : " i said just throw him out , throw him out ! " and that 's what the father did			2
" i went underneath and caught his son			0
he threw him right to me ; i caught his son , " he said			0
but the father needed to get his daughter -- who @entity2 says is about 3 -- to safety as well			0
" i gave ( the boy ) to another guy , and then ( the father ) brought out his daughter , " he said			0
" my fiancee , @entity39 , she actually caught the daughter			1
" the father eventually escaped the multifamily home , he said			1
no one was killed , but 34 people -- 23 of them firefighters -- were injured in the five - alarm blaze , which is now under control , said @entity47 , a @entity48 of @entity1 spokesman			1
one of those was @entity3 , who hurt her shoulder catching the little girl			0
@entity54 fire marshals are investigating the cause of the blaze , @entity47 said			1
suspect in @entity1 children 's stabbings had been released on parole @entity0 's @entity59 and @entity60 contributed to this report .			0

a fire tears through multifamily home on @entity7
a neighbor says he and his fiancee caught two children thrown from second floor
the blaze injured 23 firefighters and *11* *civilians* , and its cause is being investigated

@entity3:Cerzosie
@entity2:DiSimone
@entity1:New York
@entity0:CNN
@entity7:Staten Island
@entity39:Darleen
@entity17:Chestnut Avenue
@entity47:Dwyer
@entity54:FDNY
@entity59:Rande Iaboni
@entity48:Fire Department
@entity60:Julie Cannold