http://web.archive.org/web/20130303080449id_/http://www.cnn.com/2012/06/29/world/africa/sudan-protests/index.html

-- riot police sprayed tear gas at hundreds of protesters who attempted to lead a march after friday prayers from the two main opposition party mosques in @entity9 's capital of @entity10 and its second city , @entity12			1
about 500 riot police surrounded a mosque and fired tear gas canisters at the crowd as they began to leave , witnesses said			1
protesters responded by hurling rocks at officers			0
the head of the opposition @entity21 -- also the last democratically elected prime minister of @entity9 -- was escorted to safety out of the mosque by supporters after the clashes began			1
the two mosques in both cities are attended by supporters of @entity9 's two largest opposition parties , the @entity28 and @entity30 parties			1
the clashes follow calls by @entity34 activists for mass protests as world leaders condemned authorities for cracking down on demonstrators			2
thousands of people are demonstrating on the streets of @entity10 and @entity12 , demanding the president 's ouster over economic woes			2
president @entity44 feels heat from ' @entity46 ' activists say that hundreds are being detained as the clampdown intensifies			2
they dubbed friday 's protests " elbow licking , " a spoof on a phrase by the administration			2
an aide to the nation 's leader once said that toppling the president is like trying to lick an elbow -- impossible the demonstrations , which started june 16 at universities in the capital of @entity10 , have spread to other cities nationwide			1
protesters seeking to end president @entity44 's nearly 23 - year rule have seized on recent budget cuts and tax increases to demand his ouster			1
police have fired tear gas and rubber bullets on protesters over the past two weeks after the government ordered a crackdown , witnesses said			1
a spokesman for activist group @entity76 , who goes by the name @entity79 for security reasons , accused the government of using gangs of plain clothes thugs , known as " @entity84 , " to beat protesters and reinforce the security forces			0
" in hajj @entity88 district , the rabatta militias were firing @entity89 's into the air			0
it is an attempt to intimidate but the government is in denial , " he said			0
@entity34 police crack down on growing protests " the demands of the people are clear -- they want a revolution to sweep away this government			1
the austerity measures we are suffering under are a result of this government 's prioritizing of military and security			1
they want the people to pay the price for their irrational wars			0
" authorities have arrested opposition leaders and forced some to sign paperwork vowing not to participate in any more protests , the @entity111 said this week			1
in addition , police seized injured protesters from hospitals and detained them , according to the @entity111			2
" tear gas , rubber bullets , live ammunition and other heavy - handed suppression will not resolve the frustrations and grievances of the people regarding shortcomings in their enjoyment of economic , social , civil and political rights , " @entity111 human rights chief @entity120 said thursday			1
" genuine dialogue with government critics is far more effective than arbitrary detention and violence if the government wishes to create a stable and successful society			0
" @entity138 officials also condemned the clampdown and arrests			0
" a government that respects the rights of its citizens to freedoms of expression and peaceful assembly in order to raise their grievances does not respond to such protests by using unnecessary force , " said @entity141 , a @entity142 spokeswoman			0
government officials were not immediately available for comment			0
growing numbers of protesters have rallied in the capital with some demonstrations turning violent as crowds burned police trucks , cut off roads and hurled rocks at authorities			1
in return , police have fired rubber bullets and struck protesters with batons , witnesses said			0
" leave , @entity44 , leave ! " protesters chanted			0
" @entity10 , please revolt against humiliation and dictatorship			0
" @entity44 has played down the protests and urged citizens to understand the new austerity measures , which lifted fuel subsidies and cut the @entity176 by half to reduce expenses			1
in a televised speech on state media this month , he said the measures are necessary to help mend the economy			1
@entity9 has faced soaring inflation since it separated with @entity9 a year ago -- taking with it more than 70 % of @entity9 's oil reserves			1
@entity9 relied on its crude production for revenues and exports			2
the nation 's inflation has gone up by 30 % , according to @entity34 finance minister @entity190			0
protesters vowed to hold more rallies saturday when the ruling party celebrates 23 years in power			0
organizers are calling for mass action using social media sites such as @entity198 and @entity199 , where they are posting pictures and details of upcoming protests			0
in similar protests in january last year , students sought to replicate the @entity205 that has swept over the @entity206			2
the government quashed those protests			0
@entity9 , @entity9 prepare for peace talks			2

new : riot police use tear gas outside opposition mosques
@entity9 faces soaring inflation since its split from @entity9 a year ago
president says austerity measures will help mend the economy
protests started at universities in the capital two weeks ago , but have *expanded* nationwide

@entity21:Umma party
@entity28:Umma
@entity84:Rabatta
@entity138:U.S.
@entity111:U.N.
@entity88:Yousif
@entity89:AK-47
@entity34:Sudanese
@entity0:CNN
@entity199:Facebook
@entity176:Cabinet
@entity9:South Sudan
@entity190:Ali Mahmud
@entity79:Ahmed Samir
@entity205:Arab Spring
@entity76:Sudan Change Now
@entity30:Democratic Union
@entity12:Omdurman
@entity10:Khartoum
@entity206:Middle East
@entity120:Navi Pillay
@entity141:Victoria Nuland
@entity142:State Department
@entity198:Twitter
@entity44:Al-Bashir
@entity46:Sudanese Spring