http://web.archive.org/web/20150226104002id_/http://edition.cnn.com/2013/06/23/sport/football/football-spain-confederations-cup-uruguay/index.html

all - conquering @entity0 marched on at the @entity1 sunday with a 3 - 0 win over @entity3 to top @entity4 two goals from @entity6 and a further strike from substitute @entity8 made it a comfortable night in @entity10 for the @entity11 and @entity13 champions			1
@entity15 winners @entity14 also confirmed their passage to the semifinals with a 8 - 0 rout of @entity19 in @entity20 , but both sides had a man sent off			1
@entity14 will now face hosts @entity23 in @entity25 wednesday in a potentially explosive all @entity27 semifinal			1
@entity0 take on fellow @entity13 powerhouses @entity29 in @entity10 the following night			2
their third victory in a row was almost guaranteed from the moment left back @entity34 opened their scoring in the third minute with a superb solo effort			0
@entity39 champions @entity3 briefly rallied , but @entity0 took total command in midfield and might have added further to the scoreline before the break			1
@entity44 's @entity8 eventually emerged from the bench to score with a brilliant diving header from @entity48 's cross just past the hour mark			0
it was his fifth goal in the tournament			0
@entity34 rounded off the proceedings with another fine lone effort , sprinting clear from halfway to beat the @entity3 offside trap			2
@entity55 was in the goals for @entity14 , who merely needed to beat @entity19 to progress			1
his 79 - second strike was the fastest in @entity1 history			2
the @entity61 striker headed home @entity63 's corner and went on to grap three more goals			0
@entity66 , @entity63 and substitute @entity67 with a late double were also on target			0
the red cards came in the second half , the first to @entity73 for a second yellow after he had seen his penalty saved by @entity76			0
@entity19 were also reduced to 10 men when @entity78 picked up a second yellow			2
the defeat marked the end of their fairytale inclusion in a top level @entity85 tournament , losing to @entity3 , @entity0 and now @entity14 and conceding 24 goals to just one scored			1
but they have proved ever popular underdogs and provided a rare lighter note in a tournament marked by mass demonstrations outside stadiums by @entity95 protesting against poor public services and corruption .			0

world champions @entity0 beat @entity3 3 - 0
@entity101 with 100 *percent* *record*
@entity14 rout @entity19 to confirm semifinal *qualification*
@entity55 scores four goals for @entity15 champions

@entity23:Brazil
@entity20:Recife
@entity27:South American
@entity25:Belo Horizonte
@entity29:Italy
@entity85:FIFA
@entity3:Nigeria
@entity1:Confederations Cup
@entity0:Spain
@entity6:Jordi Alba
@entity4:Group B.
@entity8:Torres
@entity78:Teheivarii Wagemann
@entity55:Abel Hernandez
@entity76:Gilbert Meriel
@entity73:Andres Scotti
@entity15:Copa America
@entity14:Uruguay
@entity13:European
@entity34:Alba
@entity11:World
@entity10:Fortaleza
@entity39:African
@entity19:Tahiti
@entity101:Top Confederations Cup Group B
@entity95:Brazilians
@entity44:Chelsea
@entity66:Diego Perez
@entity67:Luis Suarez
@entity48:Pedro
@entity63:Lodeiro
@entity61:Palermo