http://web.archive.org/web/20150120174700id_/http://edition.cnn.com/2010/SPORT/football/08/26/world.cup.korea.coach.assurances/index.html

-- @entity1 says it wo n't be punishing the @entity3 football federation over allegations that its players and coaches were publicly humiliated following their @entity9 exit			1
in a statement on its official website , the world governing body , described the allegations as " baseless " and said it had closed its investigation			0
pressure grew on @entity1 to act after widespread reports that harm had come to head coach @entity19 and his squad after they suffered three defeats at the finals in @entity23 in june			1
@entity1 president @entity24 announced an inquiry on august 11			2
@entity1 sought assurances in a series of questions to the @entity29 , centering on the reports and also allegations that the election of their president had been influenced by results at the finals			1
in a letter , the @entity3 federation claimed that @entity19 and his team are " training as usual " and would be taking part in the 16th @entity41			1
it also responded that the election of its president had been held in " accordance with the statutes of the association " and came after a good performance against @entity49 in their opening match in @entity23			0
@entity1 said it had " checked all of its sources , " before calling a halt to the investigation			0
@entity57 's first appearance at the @entity9 finals since 1966 began with some promise after they went down to a narrow 2 - 1 defeat to the @entity62 , who scored a late winner			2
but they were subsequently thrashed 7 - 0 by @entity66 in their second match and rounded off their campaign with a 3 - 1 defeat to the @entity70 in their final group match .			0

@entity1 to take no action against @entity57 over reports it coach and players were harmed
@entity1 sought assurances after @entity57 *crashed* to three defeats in finals
@entity57 federation describes reports as " baseless " and says team training as *normal*

@entity3:Korean
@entity23:South Africa
@entity1:FIFA
@entity0:CNN
@entity24:Sepp Blatter
@entity9:World Cup
@entity29:North Korean FA
@entity19:Kim Jong Hun
@entity49:Brazil
@entity57:North Korea
@entity41:Asian Games
@entity66:Portugal
@entity62:Brazilians
@entity70:Ivory Coast