http://web.archive.org/web/20131222104857id_/http://www.cnn.com/2012/03/01/politics/breitbart-obit

-- @entity1 , the conservative blogger whose posting of a sexually explicit photo of former @entity4 rep. @entity3 led to the congressman 's downfall , has died , his attorney confirmed thursday			1
@entity8 , editor - in - chief and in - house counsel for @entity1 's website , @entity11 , posted a statement confirming his death			1
" @entity1 passed away unexpectedly from natural causes shortly after midnight this morning in @entity16 , " the statement read			1
" we have lost a husband , a father , a son , a brother , a dear friend , a patriot and a happy warrior			2
" @entity25 , a spokesman for the @entity26 , said @entity1 was pronounced dead 19 minutes after midnight at @entity27			1
an autopsy is planned for friday , @entity25 said , but the @entity29 said it is not investigating the circumstances of his death			2
compassion and politics : strange bedfellows @entity1 was the first to post @entity3 's infamous @entity37 photos last year , in which the married congressman appeared barechested and in his underpants in pictures sent to a woman online			1
@entity3 eventually stepped down amid the scandal			1
@entity1 's regular appearances on @entity46 , his websites and his speeches to conservative groups made him a star on the right and a villain to the left			1
@entity52 presidential candidates quickly responded to news of @entity1 's death			1
former sen. @entity55 called him a " powerful force " who was " constantly out there driving and pushing			0
" " what a huge loss , in my opinion , to our country and certainly to the conservative movement , " @entity55 said			0
former house speaker @entity64 tweeted : " @entity1 was the most innovative pioneer in conservative activist social media in @entity4			1
he had great courage and creativity			0
" and former @entity70 gov. @entity69 called @entity1 a " brilliant entrepreneur , fearless conservative , loving husband and father			1
" @entity1 was a driving force in the conservative tea party movement			2
in a posting on the @entity77 website , blogger @entity77 wrote that @entity1 was an " amazing patriot " who " relished fighting those who would destroy this great country			1
" @entity85 gov. @entity84 , a former @entity52 presidential contender , said @entity1 " fought for what he believed in , exposing government corruption and media bias			2
his spirited voice will be missed , but not forgotten			0
" @entity1 came under heavy criticism in 2010 for posting an edited and incomplete video of a speech by @entity94 employee @entity93 , who is black , appearing to say she discriminated against a white farmer looking for assistance			1
@entity93 was forced to resign over the video , which appeared on another of @entity1 's websites , @entity11			1
a full version of the speech showed that @entity93 had assisted the farmer			2
the department later offered her job back when it was clear she had been misrepresented			0
@entity93 issued a brief statement thursday saying only she was surprised by the news and that her prayers go out to @entity1 's family			1
opinion : how @entity1 changed news " the news of mr. @entity1 's death came as a surprise to me when i was informed of it this morning			2
my prayers go out to mr. @entity1 's family as they cope during this very difficult time			2
" @entity1 also posted video of a sting operation against the @entity121 , or @entity121 , which showed conservative activists posing as a pimp and a prostitute seeking advice on how to set up a brothel			2
the video prompted a groundswell of action against the organization , including a limited investigation by the @entity4 @entity132 and a slashing of funds from the federal government and several states			2
@entity121 went bankrupt and closed its doors			0
@entity1 got his start helping to run the original right - wing online media behemoth the @entity140 and helped launch the @entity141 before founding his own websites			1
@entity140 founder @entity143 on thursday said @entity1 was a " constant source of energy , passion and commitment " in the site 's early days and that the two " shared a love of headlines , a love of the news , an excitement about what 's happening			1
" the statement on @entity156 included a portion of the new conclusion he wrote to his book , " @entity160 " : " i love my job			0
i love fighting for what i believe in			0
i love having fun while doing it			0
i love reporting stories that the @entity165 refuses to report			0
i love fighting back , i love finding allies , and -- famously -- i enjoy making enemies			0
" three years ago , i was mostly a behind - the - scenes guy who linked to stuff on a very popular website			0
i always wondered what it would be like to enter the public realm to fight for what i believe in			0
i 've lost friends , perhaps dozens			0
but i 've gained hundreds , thousands -- who knows ? -- of allies			0
at the end of the day , i can look at myself in the mirror , and i sleep very well at night			0
" @entity0 's @entity180 , @entity181 , @entity182 , and @entity183 contributed to this report .			0

@entity1 was known for posting the @entity3 @entity37 photos last year
he was also criticized for an edited clip of federal *worker* @entity93
he was a star on the right and a villain to the left
@entity1 got his start at the @entity140

@entity26:Los Angeles County Coroner
@entity27:UCLA Medical Center
@entity25:Winter
@entity29:Los Angeles Police Department
@entity84:Rick Perry
@entity85:Texas
@entity156:Breitbart.com Thursday
@entity132:Department of Justice
@entity3:Anthony Weiner
@entity1:Breitbart
@entity0:CNN
@entity11:BigJournalism.com
@entity4:U.S.
@entity8:Joel Pollak
@entity52:GOP
@entity55:Santorum
@entity165:Complex
@entity77:Judson Phillips
@entity70:Massachusetts
@entity16:Los Angeles
@entity37:Twitter
@entity94:Agriculture Department
@entity93:Shirley Sherrod
@entity121:ACORN
@entity160:Righteous Indignation
@entity140:Drudge Report
@entity141:Huffington Post
@entity143:Matt Drudge
@entity180:Stan Wilson
@entity181:Mark Preston
@entity182:Richard Allen Greene
@entity183:Rachel Clarke
@entity46:FOX News
@entity69:Mitt Romney
@entity64:Newt Gingrich