http://web.archive.org/web/20120623154421id_/http://edition.cnn.com/2012/03/14/sport/tennis/tennis-indian-wells-djokovic-berdych/index.html

-- longtime rivals @entity2 and @entity3 remain on course for a semifinal showdown at the @entity6 after both former world no. 1s moved into the last eight of the @entity10 hard - court tournament			1
third seed @entity2 , a three - time winner here , battled from a set down to beat 50th - ranked @entity14 @entity13 3 - 6 6 - 3 6 - 4 , while 2011 runner - up @entity3 eased past 21st seed @entity17 6 - 3 6 - 2			1
world no. 1 @entity18 was earlier taken to three sets by unseeded @entity22 @entity21 , but closed out a 6 - 0 6 - 7 6 - 2 victory			1
@entity24 's @entity2 , a 16 - time grand slam winner , will face @entity27 ninth seed @entity28 -- the man who beat him in the final of the @entity30 -- for a place in the last four			2
" i really struggled to make the transition ( from wednesday 's match ) , " 30 - year - old @entity2 told the tournament 's official website			2
" i was quite surprised , but at the end i found a way , dug deep and came through			0
" it 's really important			0
at the end of the day , these are the wins that sort of almost feel better , to be quite honest , because when you 're playing great , it 's simple , and it 's easy			0
" @entity22 @entity3 , who won the @entity45 event in 2007 and 2009 , will face former world no. 3 @entity46 after the @entity27 earned a shock win over @entity50 sixth seed @entity48			1
@entity18 , who beat @entity3 in the 2011 @entity6 final , will play another @entity22 in the next round , following 12th seed @entity54 's 6 - 4 6 - 0 win against @entity57 no. 7 @entity58			1
" in the end i was lucky to get through some points , " @entity60 's five - time grand slam winner said			2
" i am happy to go through to the next round			0
" @entity63 is the last remaining @entity10 hope in the draw			0
the 11th seed beat @entity68 qualifier @entity69 6 - 4 7 - 5 to set up a clash with @entity50 no. 13 @entity72 -- who defeated @entity10 19 - year - old @entity73 7 - 6 ( 7 - 0 ) 5 - 7 6 - 1			1
in the women 's draw , world no. 1 @entity74 reached the semifinals as she continued her impressive recent form			2
the @entity80 champion secured a comfortable 6 - 0 6 - 2 win over @entity84 fifth seed @entity82			1
" i had very good motivation because i knew she 's a very good player , " the 22 - year - old from @entity85 told the @entity88 's official website			0
" i have to play a very good match and show excellent tennis to beat her			0
i was focused on every moment , every point and every ball i was striking			0
i really did n't think about the score , because there 's really no point getting into that			0
" @entity74 will play @entity102 's @entity101 for a place in the final , after the 18th seed earned a surprise 6 - 4 6 - 2 victory over @entity109 champion and eighth seed @entity110 of @entity112 .			1

**top** seed @entity18 taken to three sets in fourth round at @entity6
defending champion beats @entity21 6 - 0 6 - 7 6 - 2
former world no. 1s @entity3 and @entity2 *join* @entity18 in the last eight
**top** seed @entity74 sets up a semifinal clash with @entity102 @entity101

@entity22:Spaniard
@entity21:Pablo Andujar
@entity27:Argentine
@entity24:Switzerland
@entity28:Juan Martin del Potro
@entity80:Australian Open
@entity82:Agnieszka Radwanska
@entity84:Polish
@entity85:Belarus
@entity110:Li Na
@entity88:WTA
@entity3:Rafael Nadal
@entity2:Roger Federer
@entity0:CNN
@entity6:Indian Wells
@entity50:French
@entity57:Czech
@entity54:Nicolas Almagro
@entity74:Victoria Azarenka
@entity58:Tomas Berdych
@entity73:Ryan Harrison
@entity72:Gilles Simon
@entity17:Alexandr Dolgopolov
@entity30:2009 U.S. Open
@entity14:Brazilian
@entity13:Thomaz Belluci
@entity10:American
@entity18:Djokovic
@entity101:Angelique Kerber
@entity102:German
@entity109:French Open
@entity45:California
@entity46:David Nalbandian
@entity68:Australian
@entity69:Matthew Ebden
@entity48:Jo-Wilfried Tsonga
@entity63:John Isner
@entity60:Serbia
@entity112:China