http://web.archive.org/web/20131107061332id_/http://www.dailymail.co.uk:80/news/article-2482515/Wrestler-offers-sponsors-chance-tattoo-logo-bid-raise-money-cancer-charity.html

by @entity1 reporter published : 18:56 est , 31 october 2013 updated : 19:50 est , 31 october 2013 a professional wrestler in @entity6 has come up with an enticing proposition for sponsors - the chance to have their logo inked permanently on his back			1
@entity10 came up with the idea to sell advertising space on his back as a way to raise money for a cancer charity in memory of his aunt who died this month			1
after advertising for sponsors on @entity22 , a @entity24 tattoo and piercing parlor took him up on the deal and offered to do the tattoo for free			1
deal : @entity29 @entity10 is offering companies the chance to have their logo tattooed on his back opening bid : lucky gal tattoo parlor is the first company to have their logo inked on to @entity10 's back ' it just seemed like he had a big heart , since he was going to give the money away to family , ' @entity37 , of the @entity39 parlor , told the @entity44			1
@entity10 , 23 , said he got the idea for selling advertising space on his body from @entity49 founder @entity48			1
after seeing @entity10 's extensive tattoos , @entity48 suggested that he used future ones to attract sponsors			2
@entity10 said he was n't sure if @entity48 was joking but when he thought about the size of the crowds he competes in front of he decided to give it a go			2
the wrestler listed his offer on @entity22 , saying ' let me be your mascot ' and telling prospective sponsors their logo would have plenty of exposure thanks to his more than 22,000 @entity65 followers and a career performing in front of huge crowds			0
exposure : @entity10 says the logos will be seen by the large crowds who watch his wrestling matches when tattooist @entity37 heard about the auction he loved the idea and decided it would be better if his logo went on @entity10 rather than something else			2
' someone said something [ in the article ] about him ending up with something like the @entity84 on his back			0
i decided it would be better if i did it than someone else , ' he said			0
after contacting @entity10 in private , he offered to pay $ 1,000 and do the tattoo for free - an offer the wrestler was more than happy to accept			1
@entity93 , one of @entity95 's owners , said @entity10 's tattoos added to his presence in the ring			2
' it gives @entity10 an extra gimmick and draws more attention to him			0
it could make whatever company decides to advertise on him seem more unique and draw a little more attention to him , ' he told @entity105			0
on show : @entity37 of @entity107 took up @entity10 's offer and tattooed his company 's logo on the wrestler himself @entity10 said his new tattoo was awesome , and added : ' @entity37 did a great job ; he ’s a cool guy with a cool shop			1
i really like the tattoo , so i ’m happy			0
it was all worth it			0
' he donated 75 per cent of the sponsorship money to the family of his aunt , @entity122 , and the remainder to a cancer charity in memory of her			0
since having the logo inked on his back , @entity10 has been approached by other companies also wanting to advertise on the wrestler 's body .			1

@entity10 sells space on his back to advertisers
@entity6 tattoo parlor is first to take up professional wrestler on *unusual* deal

@entity22:eBay
@entity1:Daily Mail
@entity6:Iowa
@entity24:Des Moines
@entity10:Levi McDaniel
@entity39:Lucky Gal
@entity122:Linda
@entity29:Wrestler
@entity49:Rock ' n ' Roll Wrestling
@entity44:Des Moines Register
@entity84:Gerber Baby
@entity105:USA Today
@entity107:Lucky Gal
@entity48:Zumhofe
@entity37:Chris
@entity65:Twitter
@entity93:Todd Countryman
@entity95:3XWrestling