http://web.archive.org/web/20130318045731id_/http://www.dailymail.co.uk:80/news/article-2293557/The-number-plate-ultimate-professional-1PRO-registration-goes-sale-eBay.html?

by @entity1 reporter published : 17:34 est , 14 march 2013 updated : 04:33 est , 15 march 2013 a number plate which once belonged to world champion snooker player @entity3 is about to make its owner a lot of money			1
the plate , which has the registration number @entity8 , is being sold on @entity10 and already has a bid price of nearly £ 60,000			1
the owner put the plate up for sale on the internet site in february and describes it as ' one of the best number plates in the @entity18 '			1
for sale : the ultimate number plate is on the market and has already attracted a lot of attention cherished : the number is being sold on @entity10 and was worth ' £ 120,000 before the recession ' according to the item 's description , @entity3 owned the plate for more than 30 years and bought it after he won the @entity29 in 1974			1
the description says : ' @entity3 very kindly gave me a lovely photo from his family album of himself with the plate on his car in the late 70s			0
' i also have a signed letter from him wishing me all the best with the plate when i bought it directly from him in 2004			0
' it brought him a lot of good fortune , and since i 've owned the plate i too have done extremely well in life and in business			0
perhaps it 's just a lucky plate for whoever owns it ? ! ' one of the best plates in the @entity18 : according to the @entity10 post @entity3 owned the plate for more than 30 years and bought it after he won the @entity29 in 1974 according to the owner , the plate is being sold to ' fund a new business expansion venture ' and he ' will be truly sad ' to see it go			1
the description adds : ' it attracts a lot of looks , attention , smiles and positive comments - so if you 're looking to blend into the masses this plate probably is n't for you ! ' ' perfect for a sporting legend or a true professional in his or her field			0
' this number plate was valued and advertised at over £ 120k a few years ago during the good times ! a truly special plate			2
' in december a range of number plates that use letters and numbers to spell out words such as penis and orgasm were put up for sale for thousands of pounds each			0
the cheeky plates include the indiscreet @entity81 - which was on sale for £ 90,000			0
other number plates in the collection include ' @entity85 ' , costing £ 22,650 .			2

the plate already has a bid price of nearly £ 60,000 and is described as ' one of the best number plates in the @entity18 '
snooker player @entity3 owned the plate for more than 30 years and bought it after he won the @entity29 in 1974

@entity3:Ray Reardon
@entity1:Daily Mail
@entity8:1PRO
@entity10:eBay
@entity29:World Championship
@entity18:UK
@entity81:PEN15
@entity85:BO11LOX