http://web.archive.org/web/20141129095613id_/http://www.dailymail.co.uk/news/article-2654039/Dutch-vessel-map-Indian-Ocean-floor-phase-MH370-search-mission.html

@entity0 has chosen a state - of - the - art @entity2 vessel to help map the @entity5 floor as the search for missing flight mh370 heads deeper under water			1
@entity2 - based @entity9 will assist a @entity11 military vessel in surveying the ocean bed as part of the next stage of the quest for the @entity17 plane which vanished three months ago			1
the @entity18 , which is equipped with a deep water multi-beam echo sounder system , will work with @entity11 @entity24 - @entity23 ship @entity21 to complete the mapping ahead of the underwater search by an as - yet undetermined contractor			2
the @entity18 will make its way to @entity0 to work with the @entity11 @entity24 - @entity23 ship @entity30 in mapping the @entity5 floor for the next phase of the @entity33 search the @entity34 is now planning to comb a 60,000 square - kilometre ( 24,000 square - mile ) search zone based on the plane 's last satellite communication			1
the @entity38 ( @entity38 ) stated that the survey would provide crucial information to help plan the deep water search for @entity33 which is scheduled to begin in august			1
‘ the bathymetric ( ocean floor ) survey will provide a map of the underwater search zone , charting the contours , depths and composition of the seafloor in water depths up to 6,000 metres , ’ the @entity38 said			2
@entity52 said in a statement that it expected its vessel to start mapping in mid-june which was expected to take about three months			2
but federal treasurer @entity70 said @entity0 will pay its fair share in the search for the missing @entity17 plane			1
' it is understood that the plane went down in waters that are our responsibility , and there is a cost to having responsibility and we do n't shirk that , ' he told reporters on tuesday morning			0
' we accept responsibility and will pay for it			0
we 're not a country that begs others for money to do our job			0
' officials from @entity61 are expected in @entity91 today for talks , including discussions around funding for the operation			1
the @entity0 government has set aside almost $ 90 million for the search - expected to be the most expensive in aviation history - but it 's possible that figure could increase			1
the @entity100 put the $ 90 million price tag on the search for the first time when it handed down the budget in may			1
the budget papers stated the actual cost will depend on a multiple factors , including the outcome of procurement processes for specialist services , the length of the search , and the extent of contributions from other countries			0
the head of the joint task force charged with finding @entity33 , @entity118 , said on tuesday discussions around the next phase of the search would include negotiations with @entity61 over the cost of the search			2
@entity61 has spent $ 9.3 million on the search so far and @entity61 's deputy defence minister @entity126 said costs of the next phase will be shared ' the government has allocated $ 89.9 million			1
i think about $ 25 million of that is to go the defence force for the visual search they conducted , ' former defence force chief air chief marshal @entity118 told the @entity136			0
' there 's another $ 60 million that 's been allocated for the underwater search			0
' ' that money has been allocated but we 're still to crunch , or still to negotiate the burden - sharing with for example @entity61			0
' a @entity38 spokesperson said via a statement that a full accounting of @entity0 's search costs to date is ' not available at this stage '			2
' however , for transparency the full costs across @entity0 government agencies will be compiled at a later date , ' the statement said			0
' @entity61 , @entity11 and @entity0 officials , including air chief marshal @entity118 , will meet in @entity91 this afternoon to discuss the ongoing search for missing flight mh370 and cost sharing arrangements			1
' currently , each country bears its own costs			0
' @entity61 's deputy defence minister @entity126 , pictured left , has said search costs will be shared 50 - 50 between @entity61 and @entity0 , while @entity61 's transport minister @entity164 , pictured right , confirmed his government had spent about $ 9.3 million in the search but a senior @entity61 government official has already said @entity0 was expected to share the cost of the next phase , adding there were no figures yet for how much would have to be spent			1
' costs will be shared 50 - 50 between @entity61 and @entity0 , ' @entity61 's deputy defence minister @entity126 said			2
the comments came as @entity61 's transport minister @entity164 confirmed his government had spent 27.6 million ringgit ( $ a9.30 million ) in fuel and food for equipment and personnel in the search			1
' the cost that we had to bear is relatively small compared to the other assets given by other countries used in the search , ' mr @entity164 said			0
' i am proud that many of our friends have come forward to help in the search , and they bear their own expenses and have not made any claims from us			0
' more than three months have passed since the @entity17 @entity193 disappeared en route from @entity195 to @entity196 with 239 people aboard - including six @entity0			2
the @entity193 is believed to have crashed in the southern @entity5 , but an extensive search has turned up no sign of wreckage			0
the @entity201 last week issued a tender to continue the deep - water search for the ill - fated flight .			0

@entity9 and a @entity11 military vessel will survey the ocean bed
the move is part of the next stage in the search for the missing plane
the mapping was expected to begin in mid-june and take three months
the @entity61 government confirmed it has spent $ 9.3 million on fuel and food for equipment and personnel in the search for @entity33
@entity0 has set aside $ 90 million for the search
treasurer @entity70 said @entity0 must not shirk its responsibility
@entity61 officials are in @entity91 for talks about funding the operation
@entity33 went missing with 239 *passengers* and crew on board in march

@entity23:Navy
@entity21:Zhu Kezhen
@entity24:PLA
@entity136:ABC
@entity118:Houston
@entity2:Netherlands
@entity0:Australia
@entity5:Indian Ocean
@entity196:Beijing
@entity9:Fugro Survey
@entity193:Boeing 777
@entity52:Fugro
@entity70:Joe Hockey
@entity17:Malaysia Airlines
@entity30:Zhu Kezhena
@entity33:MH370
@entity34:Australian Transport Safety Bureau
@entity11:Chinese
@entity38:Joint Agency Coordination Centre
@entity18:MV Fugro Equator
@entity100:Federal Government
@entity126:Abdul Rahim Bakri
@entity201:Australia Transport Safety Board
@entity91:Canberra
@entity164:Hishammuddin
@entity195:Kuala Lumpur
@entity61:Malaysian