http://web.archive.org/web/20140523192718id_/http://www.dailymail.co.uk/news/article-2636606/Unopposed-West-Virginia-city-councilman-left-OFF-ballot-man-elected-district.html

by @entity0 an unopposed candidate in a city council election in @entity3 has pushed for the vote to be re-done because rather than winning outright he was left off the ballot entirely			1
@entity6 believed his ticket to a third consecutive term was secure but a clerical error kept him from being selected			1
instead , another councilman was listed as the candidate in his district in @entity13			1
not returning : as it stands , @entity6 ( seen right at a 2012 city council meeting ) will not be representing his district for a third term because he was left off the ballot even though he was running unopposed now , officials in the town of 1,600 are scrambling for a solution , and @entity6 has hired an attorney to contest the election			1
' it might be an honest mistake ... but that 's a mistake that should never happen , ' @entity6 said thursday			2
third time unlucky : @entity6 said he only learned of the mix up four hours after the polls opened @entity6 , whose name did n't appear anywhere on the may 13 ballot , was one of four unopposed council members			2
the responsibility for @entity13 's ballot information falls on the office of city clerk @entity36			2
' she dropped the ball , which is now costing me , ' @entity6 said			2
@entity36 referred questions thursday to city attorney @entity41 , who did n't immediately return a telephone message			0
@entity44 clerk @entity43 said it 's up to the cities to get their information right , including how names appear on the ballot			0
@entity43 said cities send their ballot information to her office after the candidate filing period			0
the county clerk 's office then has the information prepared for processing and sends a version back to the cities to be proofread before printing			0
@entity6 said he found out about the ballot mix - up through a phone call more than four hours after the polls opened			0
he contacted @entity41 , and the secretary of state 's office was consulted			0
according to @entity6 , the city could consider a special election or appoint him to serve until the next municipal election in 2016 - two options he finds unacceptable			1
small town : officials in @entity13 - a town of 1,600 - are scrambling for a solution , and @entity6 has hired an attorney to contest the election @entity6 said a special election brings up the possibility that he would face opposition			1
the @entity79 plans to meet next tuesday to address the issue			0
@entity43 said her office certified the election thursday morning which clears the way for @entity6 to contest the results			1
secretary of state spokesman @entity85 said his office 's role is simply to record election results that are certified and passed on by county clerks .			0

@entity6 was running for his third term as a city councilman in the town of @entity13 , @entity3
*expected* an easy *victory* since he was running unopposed but now his district has been handed to a candidate who was running for another area
has hired a lawyer and is ready to contest the election

@entity3:West Virginia
@entity0:Associated Press
@entity13:Benwood
@entity6:Curtis Mele
@entity36:Hunt
@entity44:Marshall County
@entity79:City Council
@entity41:Gordon
@entity43:Pest
@entity85:Jake Glance