http://web.archive.org/web/20150719102846id_/http://www.dailymail.co.uk/news/article-2965252/Dumb-dumber-Czech-version-Oscars-duped-inviting-FAKE-Jim-Carrey-stage-awards-ceremony-broadcast-live-TV.html

this is the moment the @entity2 version of the @entity3 was duped into inviting a fake @entity4 on stage during its televised awards ceremony			1
a man pretending to be the @entity9 actor was allowed on stage where he was greeted with applause from the audience - with some clearly realising it was not actually the @entity15 funnyman			1
organisers had put on @entity18 red carpet treatment for the conman who was showered in golden confetti during his appearance at the glamorous event in the capital , @entity25			1
a man pretending to be the @entity9 actor was allowed on stage ( pictured ) where he was greeted with applause from the audience officials at the @entity30 ( @entity32 lev ) had been contacted by people claiming to represent @entity4 , claiming the actor was in the area and wanted to attend			1
the @entity30 are the equivalent to the @entity3 in the @entity2 , and the callers are said to have told organisers that it would be an honour for the @entity41 star to attend			2
they were asked not to make the invitation public until his appearance because of security concerns			0
organisers were bombarded with messages from fans pointing out that the @entity4 on the stage was a fake - and they finally accepted a mistake had been made			1
organisers had put on @entity18 red carpet treatment for the conman ( left on stage )			2
some members of the audiecen clearly realised it was not actually the @entity15 funnyman officials at the @entity30 had been contacted by people claiming to represent @entity4 ( pictured ) , claiming the actor was in the area and wanted to attend but the embarrassing appearance had already been broadcast live across the country on @entity2 television			1
film director @entity65 , who supervised the ceremony , said : ' we have become very likely the target of a very elaborate hoax			2
' both he and the organisers had earlier insisted that it was the real @entity4 who appeared			2
even the award host @entity74 had insisted he was real , telling @entity2 newspaper @entity75 shortly after the ceremony			0
she said : ' of course the real @entity4 was on the stage			2
i knew that he would come but i did not know what he would do there			0
the impersonator was showered in golden confetti during his appearance at the glamorous event in the capital , @entity25 @entity4 ( left as @entity9 ) starred alongside @entity86 ( right as @entity87 ) in @entity88 and @entity89 ' he appeared for a very short time and people did not have chance to recognise him			1
i have heard people suggesting it was a lookalike but i can say no , it was really him			0
' but after then admitting they were wrong @entity65 added : ' i am very sorry , i apologise			0
it was not my intention , but i must salute someone 's perfect game in managing to con us			0
' the fake @entity4 , who is still unidentified , came with a translator and his own security , and went through the ceremony preparations just like the real star would have been expected to , according to a statement by the ceremony 's organisers			1
a spokesman for the awards added : ' nothing indicated it was a ruse and we did not pay any money to the false actor			0
' this was the 22nd year for the ceremony			0
the @entity118 prize went to @entity119 ( @entity120 ven ) , a gritty drama set in northern moravia where anti-roma sentiment is widespread .			0

fake @entity4 was allowed on stage at the ceremony in capital , @entity25
man pretending to be dumb and @entity130 actor was showered in confetti
people claiming to represent him *reportedly* called organisers beforehand
some members of the audience clearly realise the man is not @entity4
but organisers *continued* to insist that the @entity15 actor had appeared
they eventually conceded that they had been duped by an impersonator

@entity3:Academy Awards
@entity2:Czech
@entity15:Hollywood
@entity32:Cesky
@entity119:The Way Out
@entity4:Jim Carrey
@entity74:Lucie Vyborna
@entity9:Lloyd Christmas
@entity25:Prague
@entity18:VIP
@entity75:Blesk
@entity41:Truman Show
@entity86:Jeff Daniels
@entity87:Harry Dunne
@entity88:Dumb
@entity89:Dumber
@entity30:Czech Lion Awards
@entity65:Jan Sverak
@entity130:Dumber
@entity120:Cesta
@entity118:Best Film