http://web.archive.org/web/20110919102042id_/http://www.dailymail.co.uk/news/article-2038815/East-Coast-pumpkin-crop-threatened-Hurricane-Irene-devastation.html

by @entity0 last updated at 5:11 pm on 18th september 2011 shoppers will soon be heading out to their local stores expecting to buy their jack - o ' - lanterns ready for @entity4 next month			0
but the @entity5 is facing a shortage this year after @entity7 destroyed hundreds of pumpkin patches across the region			1
wholesale prices have doubled in some places as farmers nurse their surviving pumpkin plants toward a late harvest			1
search : @entity16 picks out a pumpkin to carve for @entity4 at the @entity18 in @entity19			1
wholesale process in the region have doubled some farmers are even trying to buy pumpkins from other regions to cover orders , after the storm ’s impact on crops last month			1
‘ i think there 's going to be an extreme shortage of pumpkins this year , ’ said @entity29 , owner of @entity31 's @entity30 in @entity32 , @entity19			1
‘ i 've tried buying from people down in the @entity39 area			2
‘ i 've tried locally here and i 've tried reaching across the border to some farmers over in the @entity44 area			2
there 's just none around			0
’ @entity7 raked the @entity5 in august , bringing torrents of rain that overflowed rivers and flooded fields along the @entity51			1
mr @entity29 saw his entire crop of up to 20,000 pumpkins washed into @entity54			1
but farmers were having a difficult year even before then			2
@entity56 : a man selects pumpkins to buy at a local farm in @entity60 , @entity61			1
some @entity5 farmers are trying to buy pumpkins from other regions heavy rains this spring meant many farms had to postpone planting for up to three weeks , setting back the autumn harvest			1
this is a huge issue as a late harvest can be fatal to business because pumpkin sales plummet after @entity4 on october 31			0
' i think there 's going to be an extreme shortage of pumpkins this year			2
there 's just none @entity78 , @entity29 's @entity30 in @entity32 , @entity19 wholesalers need to get pumpkins on their way to stores by mid-september			1
another spate of rain about two weeks before @entity7 caused outbreaks of the phytophthora fungus - a type of water mould - in many fields			0
this week a cold snap threatened to kill the surviving vines , said @entity92 , owner of the @entity93 in @entity94 , @entity19			1
‘ we were real close to a frost ( friday ) night , ’ he said			0
‘ it was @entity98 , and if we had had a frost , a lot of immature pumpkins would have never made it			2
’ lights : shoppers will soon be heading out to their local stores expecting to buy their jack - o ' - lanterns ready for @entity4 next month the wholesale price for a bin of 32 to 45 pumpkins ranged from $ 150 to $ 200 in @entity109 - about twice the normal price , mr @entity29 said			1
it was still unclear how the shortage would affect retail prices , he said			0
' there 's been a ton of people calling from @entity117			0
we can sell every pumpkin we want to sell ' @entity120 , @entity121 in @entity122 , @entity123 but in a normal year , each pumpkin could sell for up to $ 15 at a supermarket in a big city like @entity19			2
the problems for @entity5 farmers have been great for growers in big pumpkin - producing states such as @entity131 , @entity123 , @entity132 and @entity133			1
‘ there 's been a ton of people calling from @entity117 , ’ said @entity120 , of @entity121 in @entity123			0
‘ we can sell every pumpkin we want to sell			0
’ with good pumpkins hard to find , mr @entity92 said buyers can make them last longer by washing them with water mixed with a little bleach			0
problems : another spate of rain about two weeks before @entity7 caused outbreaks of the phytophthora fungus - a type of water mould - in many fields that kills any fungus left over from the fields and staves off mould and rotting			0
' just get your pumpkins early , that 's all i can say			0
it 's going to be a difficult @entity160 , @entity162 's @entity161 on @entity163 , @entity19 the pumpkin crunch could also affect tourism because pick - your - own pumpkin farms have become important attractions in many rural areas			2
@entity162 , owner of @entity169 's @entity161 on @entity163 , @entity19 , has a 26 - acre farm offering pumpkin - picking			1
it also has pony rides , a cornfield maze , rides in a farm wagon and other events			0
mr @entity162 is buying extra pumpkins to supplement his own crop			2
‘ just get your pumpkins early , that 's all i can say , ’ he advised			0
‘ it 's going to be a difficult season			0

wholesale prices have doubled in some parts of @entity5
some farmers buying pumpkins from other regions
20,000 crops washed away at one @entity19 farm

@entity16:Logan Diebold
@entity29:Pray
@entity117:New Jersey
@entity131:Illinois
@entity133:Ohio
@entity132:California
@entity0:Mark Duell
@entity7:Irene
@entity5:U.S.
@entity4:Halloween
@entity93:Applejacks Orchard
@entity92:Murray
@entity51:East Coast
@entity78:around'Darcy Pray
@entity54:Lake Champlain
@entity56:Hunt
@entity31:Pray
@entity30:Family Farms
@entity32:Keeseville
@entity39:Pennsylvania
@entity19:New York
@entity18:Great Pumpkin Farm
@entity98:34F
@entity109:upstate New York
@entity94:Peru
@entity122:Evansville
@entity123:Indiana
@entity120:Larry Goebel
@entity121:Goebel Farms
@entity162:Stakey
@entity163:Long Island
@entity160:season'Jim Stakey
@entity161:Pumpkin Farm
@entity169:Stakey
@entity44:Quebec
@entity60:Calverton
@entity61:Maryland