http://web.archive.org/web/20121221094006id_/http://www.dailymail.co.uk:80/news/article-2249471/Ross-Smith-jailed-stealing-90k-property-tycoon-husband-Holly-Valance.html

by @entity0 published : 10:51 est , 17 december 2012 updated : 12:22 est , 17 december 2012 a crooked financial controller was jailed for two years today for stealing £ 90,000 from the property tycoon husband of former @entity4 star @entity3			1
@entity5 , 26 , altered invoices to syphon cash from @entity8 , run by brothers @entity9 and @entity11 , into three bank accounts in his name over a two - and - a - half - year period			1
@entity11 , 39 , married former @entity4 star @entity3 , 29 , at a lavish wedding in @entity16 earlier this year			1
theft : financial controller @entity5 was jailed for two years today for stealing from developer @entity11 - who married actress @entity3 this year @entity5 's fraud was discovered after bosses uncovered a string of suspicious payments on company credit cards and launched an investigation			1
the @entity26 plundered client accounts linked to the £ 20m interior design of 15 apartments at one @entity30 , where properties sell for up to £ 65m			1
@entity32 heard @entity5 , who earned £ 25,000 a year , blew the stolen cash on funding his lifestyle and settling debts			2
he later claimed it had been ' easy ' to steal from the property magnates due to their ' lax ' financial controls			1
exclusive : @entity5 plundered the decorating budget of one @entity30 - @entity8 's top development stunning : this @entity43 apartment at one @entity30 is the most expensive property in @entity45 costing £ 136million fraud : @entity5 said stealing from the candy brothers ( @entity48 and @entity3 left and @entity9 and wife @entity49 right ) was easy because they had ' lax ' financial controls jailing @entity5 judge @entity51 said : ' in essence you stopped to sustained criminal wrongdoing to fund a lifestyle you could not otherwise afford and you did so in breach of the highest degree of trust			1
' your behaviour was routinely deplorable and deeply antisocial and if you choose to behave in this way then you must , of course , accept the consequences			0
' i do accept that this is a sad case though i have to add how you could seriously have any legal or financial ambition with your attitude is far from clear			0
' you did indeed show some promise which you have of course thrown away because of your moral turpitude			0
' @entity5 pleaded guilty to one count of fraud by abuse of position between july 1 , 2009 , and january 25 , 2012 earlier this year			2
jailed : @entity5 was sent to prison for two years at @entity32 for his £ 90,000 fraud prosecutor @entity78 said @entity5 's dishonesty was uncovered after he left his job at @entity8 in march 2012			1
she said @entity5 had been responsible for a number of client accounts which had ' substantial funds advanced to @entity8 ' to pay for fixtures , fittings and equipment			2
he also had access to company credit cards , used by employees to entertain clients			0
the barrister said that after @entity5 left the firm 's finance discovered around £ 1,100 of unauthorised expenditure on company credit cards team during a routine check			1
when confronted @entity5 claimed initially it was just £ 525 but later admitted to spending £ 948			0
he paid the firm £ 1,600 and wrote to @entity11 saying ' i 'm sorry for that , i was stupid '			1
a further investigation uncovered the true extent of @entity5 's stealing			2
ms @entity78 said : ' from april 2009 to january 2012 they identified a total of 26 credits to the @entity109 accounts in the name of the defendant			0
' the credits totalled £ 91,849			0
' it appears a total of £ 26,294 was credited back to @entity8 client accounts from mr @entity5 's @entity117 accounts			2
' what is outstanding is the sum of £ 65,555			0
' in interview @entity5 told detectives : ' i got in to financial difficulties for several reasons and i then realised how easy it was and how lax their financial controls were and i found it easy to do what i did '			1
for @entity5 , defence counsel @entity129 said his client had begun stealing to settle a £ 4,000 rent debt to prevent himself and his flatmates from being evicted			0
he said : ' basically this is a tragic case , he is 26 now and was 23 when he began at @entity8			0
' he 's a young man with some academic promise and he 's basically thrown his future away '			0
mr @entity129 said @entity5 had not told his mother about his conviction because he was ' so ashamed he could not bear to break the news to her ' and had not told his current employers			0
@entity11 and former @entity4 star @entity3 married in a lavish £ 2m ceremony in @entity16 earlier this year .			2

@entity5 changed invoices then paid by star developers @entity9 and @entity11
*fiddle* linked to interior design budget of one @entity30 in @entity147 - the world 's most expensive *housing* project
@entity5 jailed for two years and says theft was easy because of mogul pair 's ' lax ' financial controls

@entity3:Holly Valance
@entity16:Beverly Hills
@entity0:Martin Robinson
@entity26:Work in Progress Controller
@entity11:Nick Candy
@entity5:Smith
@entity4:Neighbours
@entity9:Christian
@entity8:Candy & Candy
@entity117:RBS
@entity45:Britain
@entity51:David Higgins
@entity147:London
@entity78:Shergill
@entity32:Southwark Crown Court
@entity43:Penthouse
@entity109:RBA
@entity30:Hyde Park
@entity48:Nick
@entity49:Emily
@entity129:Sahota