http://web.archive.org/web/20130129041049id_/http://www.dailymail.co.uk:80/news/article-2268681/Feeding-franzy.html

by @entity1 reporter published : 08:45 est , 26 january 2013 updated : 08:45 est , 26 january 2013 it is a sight that will have birdwatchers licking their lips with glee			0
but if enthusiasts find themselves thinking this scene of frenzied feeding is too good to be true , well , that 's because it is			0
the busy photograph is in fact a montage , compiling numerous visits by different birds to a feeder over a 20 minute period			0
feeding time : a range of birds , including the blue tit , coal tit and chaffinch pictured visiting a feeder at @entity24 near @entity25 in @entity26 the impressive collection of birds was photographed at @entity24 near @entity25 in @entity26			1
the compilation reveals the animals in their various guises , with some perched on the multi-entrance feeder and others spreading their wings in flight as they go to - and - fro			0
included in the picture are the blue tit , coal tit , great tit , chaffinch , nuthatch and bullfinch			1
the photograph was released by the @entity43 as part of their @entity45 , now in its 34th year			1
the photograph was released by the @entity43 as part of their @entity45 , now in its 34th year .			2

photograph includes the blue tit , coal tit , chaffinch , bullfinch and nuthatch
released by the @entity43 as part of its @entity45 *weekend*

@entity1:Daily Mail
@entity26:Devon
@entity24:Stover Park
@entity25:Newton Abbot
@entity45:Big Garden Birdwatch
@entity43:RSPB