http://web.archive.org/web/20141209205157id_/http://www.dailymail.co.uk/health/article-2773443/Heartwarming-moment-little-boy-born-without-fingers-right-hand-beams-given-new-Iron-Man-prosthetic-hand.html

three - year - old @entity0 has fulfilled every young boy 's dream - to become a superhero			1
this footage shows the touching moment the youngster was given a new @entity7 themed prosthetic hand			0
captured on camera by his father @entity10 , the touching moment shows the youngster playfully hiding his face behind his new hand			2
he looks on in awe as he flexes his newly found fingers			1
but now the youngster can ride a bike , catch a ball and perform a series of everyday tasks , using his new @entity19 hand , inspired by his favourite superhero , right @entity0 , who lives with his family in @entity32 , was born with amniotic band syndrome , which meant he was missing some fingers on his right hand			1
as he gets to grips with his new hand , @entity0 is learning to ride a bike , catch a ball and perform other everyday tasks out of his reach before his new prosthetic arrived			0
and he has become the envy of his classmates , all excited at their friend 's new superhero - style hand			0
it is inspired by @entity0 's favourite superhero , @entity7 , resembling part of the suit worn by the character in the popular films and comics			2
it is thanks to the pioneering charity , @entity55 , that @entity0 can now experience a whole new lease of life			2
after researching the development of mechanical hands on the internet , @entity0 's grandmother , @entity60 , managed to get in touch with @entity66 's volunteer online community			2
made up of engineers , physical therapists and designers , the kind - hearted community use revolutionary 3d printing to build prosthetics for children around the world			1
by following downloadable instructions and watching tutorials on the video sharing website , @entity79 , volunteers can build their very own prosthetic limbs for around a mere $ 50			0
unable to afford a custom built prosthetic arm , designer , @entity84 , managed to save @entity0 's parents thousands of dollars in expenses			1
the hand was given to @entity0 by the charity @entity55 , a community who use revolutionary 3d printing to build prosthetics for children around the world @entity60 said : ' almost daily @entity0 would ask if his @entity19 hand had arrived in the mail , every box he saw us carry into the house , he immediately thought it was his @entity19 hand			1
' the evening the box came in , @entity98 , @entity99 and siblings all surrounded @entity0 in anticipation of him opening the box			0
' when his @entity98 put the @entity19 hand on @entity0 , he immediately closed the hand and began playing with it and staring at it			1
' he held his own hand and told his parents " i can hold my own hand " , then started using both of his hands to hide his face			0
' he started showing off his hand to his baby brother too , you could see the excitement in his wide , bright eyes			0
' @entity0 's still learning to use his @entity19 hand on a daily basis , because the muscles in that arm were never really used before , it will take a little time before he 'll be really comfortable with it			1
' now instead of being teased at school for not having fingers , he is stared at for his cool hand			0

@entity0 was born with amniotic band syndrome , which meant he was missing fingers on his right hand
three - year - old had been waiting for weeks for his new prosthetic
video captures the moment the youngster receives his new @entity19 hand
he playfully hides his face behind his new hand , looking in awe as he flexes his newly found fingers
@entity0 's family , who live in @entity32 , could *n't* afford a regular prosthetic
so the charity @entity55 *stepped* in to *provide* his new hand
they use revolutionary 3d printing to build prosthetics for children

@entity0:Rayden
@entity7:Iron Man
@entity55:E-Nable the Future
@entity10:Moses Kahae
@entity19:Iron Man
@entity32:Hawaii
@entity79:YouTube
@entity99:Dad
@entity98:Mom
@entity66:E-Nable
@entity84:John Peterson
@entity60:Rulan