http://web.archive.org/web/20150422052934id_/http://www.dailymail.co.uk/sport/football/article-2939858/CFR-Cluj-deducted-24-points-racking-15m-debts-Romanian-club-fall-second-place-bottom.html

@entity1 club @entity0 were deducted 24 points by the @entity3 on wednesday because of their inability to deal with spiralling debts			1
the @entity6 , one of the most successful clubs in the @entity10 country in the last decade , have fallen on hard times and owe nearly £ 15million to the state , former players and coaches			0
@entity0 won three league titles , three national cups and two supercups between 2008 and 2012			0
they also played in the @entity19 group stage three times			0
@entity21 celebrates scoring against @entity22 in the @entity19 in 2012 @entity0 have been one of @entity25 's most successful clubs in the last decade , pictured winning title in 2012 @entity27 celebrates with the trophy after the 2012 triumph last november , players at the financially troubled club threatened to boycott a league game because of unpaid wages and bonuses the decision means that the cash - strapped side slip from second to bottom in the 18 - team @entity1 league with 10 points , a point behind @entity41			1
@entity0 's lawyer said the club will appeal the sanction , adding that the club have filed for insolvency on wednesday			1
another six @entity1 clubs , including @entity48 and @entity49 also filed for insolvency in the past two years			2
many @entity1 clubs face considerable infrastructure difficulties and are struggling to meet administrative , legal and financial conditions laid down by @entity55 soccer 's governing body @entity53 .			0

@entity0 were *docked* 24 points for failing to deal with spiraling debts
@entity1 club *dropped* to bottom of the league following the deduction
club filed for insolvency on wednesday and will appeal the anction

@entity3:Romanian Football League
@entity22:Manchester United
@entity1:Romanian
@entity0:Cluj
@entity6:Railwaymen
@entity10:Black Sea
@entity25:Romania
@entity19:Champions League
@entity53:UEFA
@entity21:Luis Alberto
@entity41:Rapid Bucharest
@entity55:European
@entity48:Dinamo Bucharest
@entity49:Rapid
@entity27:Modou Sougou