http://web.archive.org/web/20140807121632id_/http://www.dailymail.co.uk/news/article-2711558/Florida-woman-pleads-return-sickly-Yorkshire-terrier-stolen-armed-gunmen.html

by mail online reporter a @entity2 dog owner is begging for the public 's help to find her ill nine - year - old @entity5 after the dog was reportedly stolen during a mugging			1
@entity8 says her dog , @entity10 , needs regular treatment for an intestinal infection if she is to stay healthy			1
the dog was taken when her brother , @entity14 , offered to walk @entity10 while @entity15 was working double - shift monday			1
@entity8 says her dog , @entity10 , needs regular treatment for an intestinal infection if she is to stay healthy @entity10 , a @entity5 terrier , was stolen by a mugger who held @entity15 's brother at gunpoint @entity14 told @entity23 an unidentified man pulled a gun on him while he was walking the dog home from @entity28			1
' he tried to sell me whatever he had on him			2
i did n’t know what			0
i figured cigarettes or what not , ' @entity14 told reporters			1
' but i just bypassed the whole ordeal			0
‘ sorry sir , i ’m not interested , ’ and kept it moving			0
' as @entity14 tried to pass , the man pressed a pistol into his side and told him to empty his pockets			1
' i did n’t have any cash on hand so he took my two cell phones and my sister ’s dog , ' he said			2
the man then fled in an suv			0
he may have stolen the dog expecting it to draw a good price , as the breed can be costly			2
@entity10 , a yorkie that was stolen in @entity52 ( @entity2 ) around 1:25 am on tuesday july 29 , 2014 @entity15 said she only hoped the man ' is n't abusing ( @entity10 ) and treats her well			1
she 's really sick right now			0
' it ’s part of our family			1
it ’s been here for like eight years			0
pets become a part of our family			1
' a @entity64 group , @entity63 , has also been set up to help with the search			0
' please keep your spirits up & do n't stress yourself , ' @entity15 wrote on the page			2
' i wo n't stop searching for you			0
if we never see each other again on this earth , i know in my heart that all dogs go to heaven , & we 'll be reunited again one day			0
cuddled up & smothering each other like we always do			0

@entity8 says her dog , @entity10 , needs regular treatment for an intestinal infection if she is to stay healthy
the dog was taken when her brother , @entity14 , offered to walk @entity10 while @entity15 was working double - shift
@entity15 calls the pet ' part of her family '

@entity2:Florida
@entity15:Clark
@entity14:Darren
@entity5:Yorkshire
@entity10:India
@entity28:Young 's Circle
@entity8:Damica Clark
@entity23:NBC Miami
@entity52:Broward County
@entity64:Facebook
@entity63:Bring Home India