http://web.archive.org/web/20150712035007id_/http://www.dailymail.co.uk/news/article-2895675/Now-s-broken-Bono-U2-star-reveals-X-ray-elbow-shattered-bicycle-accident.html

an x-ray has revealed for the first time the full extent of the injury to @entity4 ’s arm in a bicycle accident – and how it has been pieced back together by metal implants			1
the 54 - year - old @entity8 singer suffered multiple injuries including a fractured eye socket and shoulder blade as well as a severe fracture to his left elbow after the high - speed crash in @entity16 ’s @entity15 last november			1
@entity4 posted the x-ray of his shattered elbow on his blog , saying : ‘ the recovery has been more difficult than i thought			1
as i write this it is not clear that i will ever play guitar again			0
’ however the doctor – whose patients have included @entity39 and @entity40 – added : ‘ this is certainly one of the most devastating and complex elbow injuries i ’ve ever seen			0
’ dr @entity32 believes the x-ray was taken during surgery as it shows a tie from an operating room sheet in the top right - hand corner			0
and he compared the operation to ‘ piecing together a jigsaw ’ , saying it would have taken five hours to knit the mangled elbow together using three titanium plates and 18 screws			0
but he added : ‘ i expect @entity4 to play the guitar and continue to be the great musician we all know and love			2
’ the @entity8 singer , centre , said that he may never be able to play the guitar again following his injury			2

the @entity8 singer broke his elbow in a bicycle accident in @entity16
he severely fractured the bone when he crashed in @entity15 last year
@entity4 blogged that ' recovery has been more difficult than i thought '

@entity31:America
@entity16:New York City
@entity15:Central Park
@entity32:Klapper
@entity4:Bono
@entity39:Jack Nicholson
@entity8:U2
@entity40:Dustin Hoffman