http://web.archive.org/web/20150419020207id_/http://www.dailymail.co.uk/sport/football/article-2898556/Lionel-Messi-cost-staggering-172m-Barcelona-sold-month.html

@entity0 would cost a whopping £ 172m should any of @entity2 's rivals want to whisk him away this month , according to research into the current market values of the world 's leading players			1
the @entity8 star comfortably tops a @entity10 countdown of football 's most valuable players and is worth £ 68m more than his @entity14 rival @entity13			1
the totals serve as a ' guide price ' for the january transfer window , using a calculation that takes into account player performance , age , contract and the results of their team			1
@entity2 star @entity0 is valued at a mammoth £ 172m in a january transfer ' price guide ' @entity14 hero @entity13 is priced at £ 104.3m in the @entity10 rankings 1			1
@entity36 £ 47m the top 10 features six @entity39 players - @entity29 , @entity30 and @entity34 of @entity40 , @entity32 of @entity41 , @entity33 of @entity42 and @entity35 of @entity43			1
but it finds @entity0 far and away the most expensive player in @entity46 at the moment			1
@entity13 , the favourite to win the @entity49 for the world 's best player this month , is valued at £ 104.3m should someone try to prise him away from @entity53 champions @entity14			1
@entity40 's @entity29 comes in at a cool £ 77.6m , followed by his team - mate , the free - scoring @entity30 at £ 65.9m			1
@entity31 , of @entity55 and @entity56 , is fifth on the list at £ 56.4m while @entity41 's prolific @entity8 @entity32 is just above the £ 50m mark			1
@entity40 's @entity29 comes third in the transfer value list at £ 77.6m following good displays this season @entity30 's value continues to rise with the @entity10 rating him at £ 65.9m @entity31 of @entity55 comes fifth in the ranking with an estimated market value of £ 56.4m @entity42 's @entity33 ( £ 49.4m ) , @entity40 's @entity34 ( £ 48.6m ) , @entity43 's @entity35 ( £ 47.8m ) and @entity14 's @entity36 ( £ 47m ) , who commanded the world 's biggest transfer fee in 2013 , complete the top 10			1
the values of everyone in the top 10 except @entity0 and @entity36 has increased since the last ranking was released in june			1
the @entity71 used their own algorithm based on 1,500 completed transfers since 2009 to work out the current ' price guide '			1
@entity41 striker @entity32 is sixth on the list with an estimated value of £ 51m @entity42 's @entity33 is one of six @entity39 players in the top 10 @entity14 's @entity36 comes 10th in the ranking on a predicted transfer fee of £ 47m it also takes into consideration player performance such as goals , assists and other on - pitch stats as well as their age , position and contract duration			1
it also weighs up results achieved by their club and national teams			0
the star - studded list also features the likes of @entity95 ( 11th , £ 45.4m ) , @entity96 ( 12th , £ 44.6m ) , @entity97 ( 16th , £ 37.6m ) and @entity98 ( 60th , £ 21.9m )			2
@entity0 ( @entity2 ) £ 172.6m 2			2
@entity13 ( @entity14 ) £ 104.3m 3			1
@entity29 ( @entity40 ) £ 77.6m 4			1
@entity30 ( @entity40 ) £ 65.9m 5			1
@entity31 ( @entity55 ) £ 56.4m 6			0
@entity32 ( @entity41 ) £ 51m 7			0
@entity33 ( @entity42 ) £ 49.4m 8			0
@entity34 ( @entity40 ) £ 48.6m 9			2
@entity35 ( @entity43 ) £ 47.8m 10			2
@entity36 ( @entity14 ) £ 47m 11			1
@entity95 ( @entity2 ) £ 45.4m 12			0
@entity96 ( @entity99 ) £ 44.6m 13			0
@entity100 ( @entity101 ) £ 40.7m 14			0
@entity102 ( @entity14 ) £ 39.1m = @entity103 ( @entity40 ) £ 39.1m 16			1
@entity97 ( @entity2 ) £ 37.6m 17			0
@entity104 ( @entity40 ) £ 35.2m = @entity105 ( @entity14 ) £ 35.2m 19			1
@entity106 ( @entity101 ) £ 34.4m = @entity107 ( @entity108 ) £ 34.4m 21			0
@entity109 ( @entity14 ) £ 33.6m 22			2
@entity110 ( @entity108 ) £ 32.8m 23			0
@entity111 ( @entity14 ) £ 32.1m 24			2
@entity112 ( @entity101 ) £ 30.5m 25			0
@entity113 ( @entity114 ) £ 29.7m = @entity115 ( @entity116 ) £ 29.7m 27			0
@entity117 ( @entity14 ) £ 28.9m = @entity118 ( @entity99 ) £ 28.9m 29			2
@entity119 ( @entity120 ) £ 28.2m = @entity121 ( @entity43 ) £ 28.2m 31			0
@entity122 ( @entity101 ) £ 27.4m = @entity123 ( @entity101 ) £ 27.4m = @entity124 ( @entity125 ) £ 27.4m = @entity126 ( @entity41 ) £ 27.4m 35			0
@entity127 ( @entity42 ) £ 26.6m = @entity128 ( @entity129 ) £ 26.6m = @entity130 ( @entity41 ) £ 26.6m = @entity131 ( @entity132 ) £ 26.6m = @entity133 ( @entity2 ) £ 26.6m 40			0
@entity134 ( @entity40 ) £ 25.5m = @entity135 ( @entity14 ) £ 25.5m = @entity136 ( @entity116 ) £ 25.5m = @entity137 ( @entity114 ) £ 25.5m = @entity138 ( @entity99 ) £ 25.5m 45			1
@entity139 ( @entity140 ) £ 25m = @entity141 ( @entity142 ) £ 25m = @entity143 ( @entity116 ) £ 25m = @entity144 ( @entity41 ) £ 25m = @entity145 ( @entity43 ) £ 25m 50			0
@entity146 ( @entity55 ) £ 24.2m = @entity147 ( @entity2 ) £ 24.2m 52			0
@entity148 ( @entity40 ) £ 23.5m = @entity149 ( @entity43 ) £ 23.5m = @entity150 ( @entity40 ) £ 23.5m = @entity151 ( @entity43 ) £ 23.5m 56			2
@entity152 ( @entity43 ) £ 22.7m = @entity153 ( @entity101 ) £ 22.7m = @entity154 ( @entity43 ) £ 22.7m = @entity155 ( @entity156 ) £ 22.7m 60			0
@entity98 ( @entity99 ) £ 21.9m 61			0
@entity157 ( @entity42 ) £ 21.1m = @entity158 ( @entity55 ) £ 21.1m = @entity159 ( @entity2 ) £ 21.1m = @entity160 ( @entity161 ) £ 21.1m 65			0
@entity162 ( @entity42 ) £ 20.3m = @entity163 ( @entity2 ) £ 20.3m = @entity164 ( @entity99 ) £ 20.3m 68			0
@entity165 ( @entity40 ) £ 19.5m = @entity166 ( @entity167 ) £ 19.5m = @entity168 ( @entity14 ) £ 19.5m = @entity169 ( @entity170 ) £ 19.5m = @entity171 ( hoffenheim ) £ 19.5m = @entity172 ( @entity99 ) £ 19.5m = @entity173 ( @entity125 ) £ 19.5m = @entity174 ( @entity175 ) £ 19.5m = @entity176 ( @entity132 ) £ 19.5m = @entity177 ( @entity101 ) £ 19.5m = @entity178 ( @entity42 ) £ 19.5m 79			1
@entity179 ( @entity129 ) £ 18.8m = @entity180 ( @entity41 ) £ 18.8m = @entity181 ( @entity55 ) £ 18.8m = @entity182 ( @entity129 ) £ 18.8m = @entity183 ( @entity184 ) £ 18.8m = @entity185 ( @entity43 ) £ 18.8m = @entity186 ( @entity116 ) £ 18.8m = @entity187 ( @entity116 ) £ 18.8m 87			0
@entity188 ( @entity116 ) £ 18m = @entity189 ( @entity43 ) £ 18m = @entity190 ( @entity41 ) £ 18m = @entity191 ( @entity108 ) £ 18m = @entity192 ( @entity14 ) £ 18m = @entity193 ( @entity101 ) £ 18m = @entity194 ( @entity41 ) £ 18m 94			2
@entity195 ( @entity125 ) £ 17.2m = @entity196 ( @entity55 ) £ 17.2m = @entity197 ( @entity14 ) £ 17.2m 97			2
@entity198 ( @entity55 ) £ 16.4m = @entity200 ( @entity199 ) £ 16.4m = @entity201 ( @entity108 ) £ 16.4m = @entity202 ( @entity42 ) £ 16.4m = @entity203 ( @entity125 ) £ 16.4m = @entity204 ( @entity205 ) £ 16.4m = @entity206 ( @entity41 ) £ 16.4m = @entity207 ( @entity2 ) £ 16.4m = @entity208 ( @entity40 ) £ 16.4m 106			2
@entity209 ( @entity116 ) £ 15.6m = @entity210 ( @entity101 ) £ 15.6m = @entity211 ( @entity99 ) £ 15.6m = @entity212 ( @entity140 ) £ 15.6m = @entity213 ( @entity120 ) £ 15.6m = @entity214 ( @entity129 ) £ 15.6m = @entity215 ( @entity40 ) £ 15.6m = @entity216 ( @entity41 ) £ 15.6m = @entity217 ( @entity132 ) £ 15.6m = @entity218 ( @entity219 ) £ 15.6m = @entity220 ( @entity101 ) £ 15.6m = @entity221 ( @entity129 ) £ 15.6m = @entity222 ( @entity101 ) £ 15.6m = @entity223 ( @entity101 ) £ 15.6m = @entity224 ( @entity99 ) £ 15.6m courtesy of @entity71			1

the @entity71 have *compiled* a ' price guide ' for january
it gives a current market value for the top players in @entity46
@entity0 tops the chart with an estimated value of £ 172m
he is comfortably ahead of @entity14 's @entity13
@entity40 *duo* @entity29 and @entity30 are third and *fourth*
six @entity39 stars make list of the top 10 most expensive players
@entity14 's world - *record* signing @entity36 is valued at £ 47m

@entity8:Argentine
@entity106:Robert Lewandowski
@entity193:Medhi Benatia
@entity107:Koke
@entity192:Raphael Varane
@entity108:Atletico Madrid
@entity109:Karim Benzema
@entity171:Roberto Firmino
@entity170:Wolfsburg
@entity173:Gervinho
@entity172:Adnan Januzaj
@entity175:Athletic Bilbao
@entity174:Iker Muniain
@entity177:Arjen Robben
@entity176:Mats Hummels
@entity179:Jose Callejon
@entity178:Daniel Sturridge
@entity71:CIES Football Observatory
@entity188:Marquinhos
@entity189:Calum Chambers
@entity144:Yaya Toure
@entity145:Jack Wilshere
@entity146:Arturo Vidal
@entity147:Andres Iniesta
@entity140:Inter Milan
@entity141:Alexandre Lacazette
@entity142:Lyon
@entity143:Lucas Moura
@entity148:Nemanja Matic
@entity149:Danny Welbeck
@entity159:Ivan Rakitic
@entity158:Alvaro Morata
@entity153:David Alaba
@entity152:Alex Oxlade-Chamberlain
@entity151:Aaron Ramsey
@entity150:Andre Schurrle
@entity157:Jordan Henderson
@entity156:Fiorentina
@entity155:Juan Cuadrado
@entity154:Santi Cazorla
@entity53:European
@entity56:France
@entity55:Juventus
@entity31:Paul Pogba
@entity30:Diego Costa
@entity33:Raheem Sterling
@entity32:Sergio Aguero
@entity35:Alexis Sanchez
@entity34:Cesc Fabregas
@entity36:Gareth Bale
@entity39:Premier League
@entity128:Gonzalo Higuain
@entity129:Napoli
@entity126:David Silva
@entity127:Philippe Coutinho
@entity124:Miralem Pjanic
@entity125:Roma
@entity122:Jerome Boateng
@entity123:Manuel Neuer
@entity120:Tottenham
@entity121:Mesut Ozil
@entity46:Europe
@entity208:Ramires
@entity40:Chelsea
@entity41:Manchester City
@entity42:Liverpool
@entity43:Arsenal
@entity49:Ballon d'Or
@entity29:Eden Hazard
@entity139:Mateo Kovacic
@entity138:Juan Mata
@entity135:Sergio Ramos
@entity134:Willian
@entity137:Ross Barkley
@entity136:Marco Veratti
@entity131:Marco Reus
@entity130:Vincent Kompany
@entity133:Sergio Busquets
@entity132:Dortmund
@entity14:Real Madrid
@entity13:Cristiano Ronaldo
@entity10:Football Observatory
@entity100:Mario Gotze
@entity101:Bayern
@entity102:James Rodriguez
@entity103:Oscar
@entity104:Thibaut Courtois
@entity105:Isco
@entity99:Manchester United
@entity98:Radamel Falcao
@entity97:Luis Suarez
@entity96:Angel Di Maria
@entity95:Neymar
@entity167:Swansea City
@entity221:Lorenzo Insigne
@entity220:Thiago Alcantara
@entity223:Bastian Schweinsteiger
@entity222:Franck Ribery
@entity224:Robin van Persie
@entity180:Samir Nasri
@entity181:Leonardo Bonucci
@entity182:Marek Hamsik
@entity183:Julian Draxler
@entity184:Schalke
@entity185:Olivier Giroud
@entity186:David Luiz
@entity187:Thiago Silva
@entity169:Kevin de Bruyne
@entity117:Luka Modric
@entity116:PSG
@entity115:Edinson Cavani
@entity114:Everton
@entity113:Romelu Lukaku
@entity112:Thomas Muller
@entity111:Toni Kroos
@entity110:Antoine Griezmann
@entity119:Christian Eriksen
@entity118:Wayne Rooney
@entity214:Dries Mertens
@entity2:Barcelona
@entity216:Eliquim Mangala
@entity217:Henrik Mkhitaryan
@entity210:Juan Bernat
@entity211:David De Gea
@entity212:Mauro Icardi
@entity213:Erik Lamela
@entity197:Marcelo
@entity196:Carlos Tevez
@entity195:Radja Nainggolan
@entity194:Fernandinho
@entity218:Moussa Sissoko
@entity219:Newcastle United
@entity191:Diego Godin
@entity190:Edin Dzeko
@entity215:Gary Cahill
@entity209:Blaise Matuidi
@entity0:Lionel Messi
@entity203:Adem Ljajic
@entity202:Adam Lallana
@entity201:Arda Turan
@entity200:Heung-Min Son
@entity207:Pedro
@entity206:Stevan Jovetic
@entity205:Lazio
@entity204:Antonio Candreva
@entity162:Mario Balotelli
@entity163:Gerard Pique
@entity160:Carlos Vela
@entity161:Real Sociedad
@entity166:Wilfried Bony
@entity199:Bayer Leverkusen
@entity164:Luke Shaw
@entity165:Cesar Azpilicueta
@entity168:Daniel Carvajal
@entity198:Roberto Pereyra