http://web.archive.org/web/20121209233355id_/http://www.dailymail.co.uk/news/article-2232975/Florida-Man-arrested-shooting-neighbour-s-cows-face-eating-horse-feed.html

by @entity0 published : 12:55 est , 14 november 2012 updated : 14:39 est , 14 november 2012 a 23 - year - old man has been accused of shooting six of his neighbour 's cow in the face — because , he says , they were eating his horse feed			0
@entity7 from @entity8 , @entity9 , was charged with the second - degree felony of killing or aggravated abuse of horse or cattle			1
according to authorities , his neighbour heard gunshots during the afternoon of october 26 , and headed outside to investigate			0
mugshot : @entity7 , pictured in this police photograph , told the sheriff 's office he shot the cows because they were eating horse feed on his land he found his cows missing from his property and a gate open			1
@entity7 told the sherriff 's office that the animals had ' busted ' past his fence and onto his land where they ate all of the feed for his horses			2
' @entity7 stated that he has been dealing with the cows coming onto his property for years , ' the police report states			1
the 23 - year - old then claims he tried to scare the cows away by firing into the air			2
but when the cows walked back to their owner , they were bleeding from numerous wounds on their faces , back legs and sides			0
six of the cows had been shot and two were badly wounded			1
a veterinarian later examined the animals and said the injuries are so significant , the value of the cows had been affected			0
a neighbour told the farmer that a man who lived down the street ( @entity7 ) had fired at the cows with what appeared to be a shotgun			2
a local vet said the wounded cows will have lost much of their value after the shooting sorry we are unable to accept comments for legal reasons .			0

@entity7 , 23 , charged with killing or aggravated abuse of cattle
six cows were shot and two were badly wounded

@entity9:Florida
@entity0:Niamh O'doherty
@entity7:Justin DeLoach
@entity8:Bunnell