http://web.archive.org/web/20130103010139id_/http://www.dailymail.co.uk:80/news/article-2255121/Five-elephants-killed-hit-train-crossing-railroad-tracks-India.html?

by @entity0 published : 23:06 est , 30 december 2012 updated : 05:46 est , 31 december 2012 a passenger train has ploughed into and killed five elephants of a herd crossing railway tracks in eastern @entity4			1
@entity5 , a railway spokesman , says the train struck the animals early sunday in the @entity9 forest area , about 100 miles south of @entity10 , the capital of @entity12 state			2
@entity13 , chief conservator of the state 's wildlife department , accused the @entity17 authorities of ignoring his department 's warning that trains should slow down because a herd of elephants was moving in the area			0
@entity24 faces : onlookers gather around an elephant that was killed by a passenger train in the eastern @entity4 state of @entity12 @entity5 said the warning came too late			1
dozens of elephants have died in @entity4 in recent years after being struck while crossing railway tracks that often run through national parks and forests			2
@entity4 's wild elephant population was recently estimated at about 26,000			0
toll : in recent years dozens of elephants have died after being struck by trains travelling through their natural habitat			0

wild animals *hit* by train on crossing in forested area of eastern @entity4
conservation chief *criticises* railway authorities who ' ignored warnings '

@entity17:Railway
@entity0:Sam Webb
@entity13:JD Sharma
@entity12:Orissa
@entity24:Grim
@entity5:Mohapatra
@entity9:Rambha
@entity10:Bhubaneshwar
@entity4:India