http://web.archive.org/web/20141130081721id_/http://www.dailymail.co.uk/femail/article-2776732/Taking-plunge-AGAIN-As-Miranda-Kerr-wears-slashed-navel-dress-look-favorite-style-cleavage-buster.html

@entity0 ensured all eyes were on her earlier today when she turned up to the @entity4 @entity3 show as part of @entity6			1
the model wore a simple black dress with a neckline that plunged to just above the navel for the event			0
this is n't the first time that @entity0 , 31 , has bared half her chest for a crowd of photographers though			0
the model has a penchant for wearing dresses that expose large parts of her chest as a @entity28 's @entity27 model for six years , the mother - of - one was used to flaunting her figure in just a bikini or skimpy lingerie in front of crowds of people			2
and she was clearly good at it - @entity0 replaced supermodel @entity36 as a @entity37 in 2007 , keeping the job until 2013			1
but although the @entity39 no longer represents the @entity41 underwear firm or models their items for the catalogue , she is still seen baring her chest on regular occasions			0
@entity46 takes a look back at some of @entity0 's most eye - popping outfits : @entity0 at the @entity51 show , @entity52 2014 , @entity6 in september , 2013 @entity53 at @entity54 , @entity55 on 18 july , 2013 @entity0 at the @entity57 , @entity56 in @entity58 on 24 february , 2013 @entity0 at the @entity59 , @entity56 in @entity58 on 02 march , 2014 @entity0 at the 2009 @entity60 at the @entity61 in @entity58 on 15 july , 2009 @entity0 at ' a bid to save the @entity64 ' auction at @entity65 , @entity66 on 22 april , 2010 @entity0 out and about in @entity66 on 12 july 2012 @entity0 launches the ' @entity67 ' at the @entity68 in @entity66 on 07 april , 2009			1
@entity0 at the @entity69 : @entity70 at the @entity71 , @entity66 on 26 january , 2008			0

@entity0 ensured all eyes were on her at the @entity4 fashion show
the supermodel has a *history* of wearing plunging dresses to big events
@entity46 take a look back at her most eye - catching outfits

@entity27:Secret
@entity28:Victoria
@entity3:SS15
@entity0:Miranda Kerr
@entity6:Paris Fashion Week
@entity4:Louis Vuitton
@entity53:iranda Kerr
@entity52:Spring Summer
@entity51:Stella McCartney
@entity57:85th Annual Academy Awards Oscars
@entity56:Vanity Fair Party
@entity55:Japan
@entity54:Narita International airport
@entity59:86th Annual Academy Awards Oscars
@entity58:Los Angeles
@entity71:Waldorf Astoria
@entity70:Australia Week Australia Day Black Tie Gala
@entity37:Victoria 's Secret Angel
@entity36:Gisele Bundchen
@entity39:Australian
@entity18:SS15 Womenswear
@entity46:Femail
@entity41:American
@entity68:Victoria 's Secret Store
@entity69:G'Day USA
@entity66:New York
@entity67:New Dream Angels Push Up Bra
@entity64:Earth
@entity65:Christie 's
@entity60:Espy Awards
@entity61:Nokia Theatre Live