http://web.archive.org/web/20141214033014id_/http://www.dailymail.co.uk/news/article-2816514/Police-block-Sydney-Harbour-Bridge-dramatic-high-speed-pursuit-white-BMW.html

police have arrested a man in the centre of the @entity3 after a dramatic hour long chase that endedin gunshot			1
officers were called to a domestic incident in south east @entity8 on saturday morning , but a man they wanted to speak with fled the scene			0
during the pursuit , police blocked two lanes on @entity14 , but the 33 - year - old driver managed to cross into the @entity16 at low speeds			1
up to 15 police cars huddled around the man ’s @entity33 as the dramatic arrest unfolded			1
in extraordinary scenes , heavily armed police shot two rubber bullets through the man ’s windscreen and through his tyres , causing glass to shatter onto the streets of @entity27			1
dressed in a bright , yellow t - shirt , the 33 - year - old man had to be physically pulled out of his car by a police officer five police officers held the man down as he was handcuffed and taken away an officer , who appeared to be dressed in riot gear , was pictured standing on the bonnet of the man ’s white car , pointing at the man , who was still inside			1
one officer smashed his way into the door of the vehicle and grabbed the man , while another had to crawl his way out of a bashed up police car			0
dressed in a bright , yellow t - shirt , the 33 - year - old man had to be physically pulled out of his car by a police officer			1
police were called to a unit block on @entity62 following reports that a woman , aged 33 , had been stabbed multiple times the woman was treated at the scene and taken to @entity67 with numerous stab wounds			2
she is reportedly in a serious but stable condition five police officers held the man down as he was handcuffed and taken away			0
police were called to a unit block on @entity62 following reports that a woman , aged 33 , had been stabbed multiple times			0
the woman was treated at the scene and taken to @entity67 with numerous stab wounds			0
she is reportedly in a serious but stable condition			0
police pursuing the car on the @entity79 in @entity8 's west : the hour long pursuit covered the length of the @entity83 , @entity79 and the @entity84			1
police pursuing the car that fled the scene of a unit block on @entity62 following reports that a woman , aged 33 , had been stabbed multiple time police wanted to speak with a man about the incident , who left the scene in the vehicle in question			2
they later spotted the vehicle in @entity100 about 9.50am , when the chase began			0
over the next hour the pursuit covered the length of the @entity83 , @entity79 and the @entity84			1
witnesses told @entity104 the man was brandishing a knife as he drove			0
the white @entity33 sedan , which shows the 33 - year - old man wanted for questioning over the stabbing of a woman this morning witnesses took to social media to broadcast what they saw bystanders say police put two rubber bullets or tear gas through the windscreen of the vehicle throughout the chase , the white sedan had evaded multiple roadblocks , before spike strips were successfully positioned on the @entity123			1
the later stages of the pursuit across the @entity126 and @entity3 were at lower speeds due to tyre damage on the man 's vehicle			0
a 33 - year - old man was taken into the police station , where he is currently being questioned by police			1
the man was arrested and led away from the @entity33 that had two bullet holes in the windscreen , burst tyres and its glass shattered onto the street			1
police lead the driver of the vehicle away after the dramatic chase that ended in @entity8 's @entity3 ' it was just mayhem , ' onlooker @entity144 told @entity146			0
' the police cut off the car and shot something into the @entity33			2
' @entity150 said he saw gas bellowing from the car after the shots but the man had looked calm as he drove past with almost 20 police cars on his tail			2
it bis believed the driver is wanted for questioning over the stabbing of a woman in @entity8 's south - east this morning police inspect the white @entity33 sedan involved in a car chase through the @entity3 on saturday morning			1
a man was detained and led away from the white @entity33 after the chase ' they were driving slow , he had his tyres slashed and he was just on the phone , ' mr @entity150 said			2
' he was pretty calm			0
' other witnesses have taken to social media to discuss the incident			0
@entity172 posted on @entity173 : ' shop owner saying police shot out the tyres , broke the window and dragged the driver away			2
' police have said the stabbing was a domestic violence incident			0
several lanes on the @entity126 were blocked off during the dramatic pursuit , which continued into the heart of the @entity3			2

police have arrested the 33 - year - old driver of a white @entity33 sedan
over 15 police cars surrounded the man outside @entity192
heavily armed police shot rubber bullets through the windscreen of the car
police dragged the man out of the car and onto the ground
five officers were forced to hold the man down
witnesses say the driver was on the phone and looked ' pretty *relaxed* '
the hour long pursuit covered the length of the @entity83 , @entity79 and the @entity84
the driver is wanted for questioning over the stabbing of a woman
police blocked two lanes on the @entity126 during the chase
the car ran over road spikes and had multiple bullet holes

@entity27:Surry Hills
@entity16:Central Business District
@entity83:M5
@entity84:M2
@entity150:Lau
@entity3:CBD
@entity173:Twitter
@entity172:Brendan Bradford
@entity8:Sydney
@entity192:Sydney Police Station
@entity79:M7
@entity31:Goulburn Street
@entity30:Surry Hills Police Station
@entity33:BMW
@entity14:the Bridge
@entity100:Mortdale
@entity104:Nine News
@entity126:Sydney Harbour Bridge
@entity123:Gore Hill Freeway
@entity144:Walter Williams
@entity146:AAP
@entity67:St Vincent 's Hospital
@entity62:Anzac Parade