http://web.archive.org/web/20150531040827id_/http://www.dailymail.co.uk/sport/boxing/article-2721351/Lennox-Lewis-issues-statement-support-Frank-Maloney-former-boxing-promoter-reveals-living-woman-called-Kellie-preparing-sex-change.html

@entity0 has issued a statement in support of @entity3 following the news that his former boxing promoter is now living as a woman called @entity7 and is preparing to have a sex change			1
@entity3 helped @entity0 become the undisputed heavyweight champion but retired from boxing in october			1
@entity0 said he was shocked when he heard about the news , but says he respects the 61 - year - old 's decision			1
' the great thing about life , and boxing , is that , day to day , you never know what to expect			0
' this world we live in is n't always cut and dried or black and white , and coming from the boxing fraternity , i can only imagine what a difficult decision this must be for @entity7 ( formerly @entity3 )			1
' ecstasy : @entity3 ( right ) as @entity51 , reacts after managing @entity0 ( left ) to the @entity52 in 1997 living a lie : @entity3 ( left , last year ) admitted she has felt trapped in a man 's body since she was a child and ( right ) with a young @entity0 in 1989 winner : @entity3 ( front centre ) celebrates after @entity0 ( arms raised ) beat @entity60 for the @entity62 heavyweight title at @entity63 in 1992 @entity3 was both a promoter and manager and the boxers he has worked with include ... @entity0 @entity66 @entity67 @entity68 @entity69 @entity70 @entity71 ' however , having taken some time to read @entity7 's statements , i understand better what she , and others in similar situations , are going through			1
' i think that all people should be allowed to live their lives in a way that brings them harmony and inner @entity82 respect @entity7 's decision and say that if this is what brings about true happiness in her life , than so be it			1
' @entity3 revealed she has felt trapped in the wrong body ever since she was a child			2
speaking to the @entity94 , she said : ' i ca n’t keep living in the shadows , that is why i am doing what i am today			2
living with the burden any longer would have killed me			0
' the 61 - year - old admits the pressure and confusion caused by her struggles with her identity caused battles with drink , depression and drugs and has been secretly receiving counselling and therapy			1
@entity7 says she kept her turmoil in the shadows because she feared a backlash from the notoriously macho world of boxing			1
' i have never been able to tell anyone in boxing , ' she added			0
' can you imagine me walking into a boxing hall dressed as a woman and putting an event on ? ' @entity7 is now over a year into the transition period before surgery and in the past two years she has secretly undergone hormone therapy , hair removal and voice coaching			1
one of the hardest parts of the decision was telling her second wife and @entity7 insists she does n't want a new relationship and is n't interested in a sexual relationship with anybody			2
smile : @entity3 ( right ) with @entity27 cruiserweight @entity71 following his victory over @entity134 in 2012 team : @entity3 ( right ) with promoter @entity136 ( left ) and their client @entity137 in 2003 , here with the @entity141 featherweight title the power of three : @entity3 ( right ) , @entity136 ( left ) and the king of the promoters , the controversial and outspoken @entity144 @entity143 a number of celebrities have expressed their support for @entity7 's decision			1
@entity151 tweeted : ' i wish @entity3 , now kellie all the very best			0
being who he wants to be after 61 years			0
nobody deserves to begrudge him happiness			0
meanwhile trainspotting author @entity156 added : ' all the best to @entity7 , formerly @entity3 , in her new life			2
great achievements happen in boxing , as elsewhere , irrespective of gender			0
' and former @entity27 cruiserweight champion @entity162 tweeted : ' @entity3 , read your story			0
. it 's your life , do n't make others stop who you are			2
ignorance is the problem of others , not yours			0
' as @entity3 , she stood as a @entity174 mayoral candidate in 2004 and attempted to win @entity175 for @entity176 at the 2010 general election .			0

@entity0 says he respects @entity3 's decision after sex - change news emerges
former promoter and manager has admitted she felt she was living a lie since childhood
the 61 - year - old is preparing to undergo a surgical sex change
@entity3 guided @entity0 to world heavyweight title
also promoted @entity69 , @entity66 and @entity70
@entity3 quit boxing last year to prepare for new life as a woman
@entity7 has felt like this since childhood : ' i ca n't keep living in the shadows '

@entity27:British
@entity24:Londoner
@entity25:Gary Mason
@entity82:peace.I
@entity134:Shane McPhilbin
@entity137:Scott Harrison
@entity136:Warren
@entity156:Irvine Welsh
@entity3:Maloney
@entity0:Lennox Lewis
@entity7:Kellie
@entity174:London
@entity176:UKIP
@entity52:World Heavyweight title
@entity51:Frank
@entity71:Jon Lewis Dickinson
@entity70:Julius Francis
@entity16:Kellie Maloney
@entity33:Facebook
@entity175:Barking
@entity94:Sunday Mirror
@entity90:LiveAndLetLive
@entity144:American
@entity141:WBO
@entity151:Stan Collymore
@entity143:Don King
@entity162:Johnny Nelson
@entity68:John McDermott
@entity69:David Haye
@entity66:David Price
@entity67:Rendall Munroe
@entity62:Commonwealth
@entity63:Earl 's Court
@entity60:Donovan ' Razor ' Ruddock