http://web.archive.org/web/20121103110829id_/http://www.dailymail.co.uk:80/news/article-2148793/Thomas-Kenny-Window-cleaner-claimed-33-000-pretending-use-wheelchair.html

by @entity0 published : 10:43 est , 23 may 2012 updated : 11:33 est , 23 may 2012 cheat : @entity1 claimed incapacity benefit and disability living allowance for five years a cheat who pretended he needed to use a wheelchair so he could claim benefits has been jailed after investigators caught working as a window cleaner			1
@entity1 claimed more than £ 33,000 in incapacity benefit and disability living allowance over a five - year period			1
the 52 - year - old - who had been jailed back in 2009 for a different case of benefit fraud - was emotionless as he was sentenced at @entity15 to eight months in prison			1
the father - of - two was caught on surveillance by the @entity19 carrying a ladder and taking a tyre out of the boot of his car			1
@entity24 - haired @entity1 was charged with failing to notify the @entity19 ( @entity19 ) of a change in circumstances when he started work as a window cleaner in 2007 , having claimed incapacity benefits since 1997 for a bad back			1
he was also charged with fraudulently claiming @entity31 ( @entity31 ) from april 2008 until his arrest last september			0
he pleaded guilty to both charges at @entity34 in march			0
the ' serial fraudster ' claimed £ 11,554.30 of @entity31 from april 2008 until september 2011			2
he also fraudulently claimed £ 22,129.50 of incapacity benefits from june 2007 to august 2011			2
he fraudulently claimed a total of £ 33,683.80			2
@entity38 - born @entity1 claimed on his @entity31 application form that he used a walking stick , and sometimes used a wheelchair			1
he also claimed that he could not wash or dry himself , needed help climbing the stairs , and that it took him three to four minutes to walk five metres , but had been working as a window cleaner since 2007			1
@entity1 claimed he only took on the window cleaning work from his father , who had suffered a fall in 2007 which resulted in a brain injury			1
an earlier sentencing date was adjourned last month as @entity1 ’s father died while he was in court			1
@entity53 , prosecuting , said : ' he ( @entity1 ) has been in receipt of incapacity benefits since 1997 and was unfit for work			2
' it was not fraudulent from the outset , but there was a failure to notify the @entity19 of the change in circumstances			0
' in more recent times he was working as a self - employed window cleaner			0
' @entity1 was also jailed for four months in 2009 for failing to notify the @entity19 of his wife ’s occupational pension , after claiming income support for the couple since 2002			1
under surveillance : @entity1 claimed his back complaint was a disability ... but was caught on camera lifting a ladder heavy load : in one image , @entity1 is seen lifting a tyre from the boot of his car only a quarter of that sentence was served , and it did not deter @entity1 , who continued to receive @entity31 and incapacity benefits following his release			1
@entity83 , defending , said : ' by explanation and not excuse , the window cleaning round mr @entity1 carried out had been his father ’s round			2
' his father suffered an accident when he fell from a ladder in 2007 and suffered what would end up as a fatal brain injury			0
' mr @entity1 was asked to step in by his mother and he said he felt obliged to do so			2
he is 52 , married , with two children			0
his daughter sits in court today , and his family are devastated			0
' he is a man who works and volunteers driving disabled children around - there is good in him			0
' judge @entity102 , sentencing , said : ' mr @entity1 , you said it took you several minutes to walk a short distance and needed a walking stick and needed help with personal issues			1
exposed : @entity1 is captured on camera by investigators working as a window cleaner easy does it : far from being incapacitated , @entity1 lifts the ladder on to the roof of his car with ease ' there was significant dishonesty here and your position is considerably aggravated by the fact that in 2009 you were sentenced to four months in prison for making false statements to obtain benefits over the course of five - and - a - half years			1
' following your release from prison , you continued to claim incapacity benefits and @entity31 and did so fraudulently			0
' it is clear to me that you are something of a serial fraudster			0
you are a repeat offender when it comes to duping the state			0
' it has been said time and time again that this country can not afford to pay out these kind of monies			0
' money that could be put into health care and social services			0
it could be used to support people , not put into your back pocket			0
' @entity1 was sentenced to eight months in prison , and waved to his daughter , who burst into tears as he was led from the dock .			2

@entity1 claimed his back complaint was so bad he could *n't* walk
but he was caught on camera carrying a ladder and lifting a tyre from his car
the 52 - year - old had been jailed for a separate case of benefit fraud in 2009

@entity31:DLA
@entity1:Thomas Kenny
@entity0:Kerry Mcqueeney
@entity34:Liverpool Magistrates Court
@entity24:Grey
@entity38:Bootle
@entity15:Liverpool Crown Court
@entity19:DWP
@entity53:Nicola Daley
@entity102:Mark Brown
@entity83:David Birrell