http://web.archive.org/web/20150718004357id_/http://www.dailymail.co.uk/news/article-2947906/Missouri-inmate-asks-US-Supreme-Court-stop-execution.html

a convicted murderer who was given a lethal injection for the brutal killing of a special education teacher sang for a minute after receiving his fatal dose before he was pronounced dead			1
@entity5 , 47 , died nine minutes after receiving the lethal drug at 12.01am on wednesday at the @entity7 in @entity8 , @entity9			1
in a final statement , @entity5 said : ' for this world full of anger , hate and revenge , i would like to pray for peace , forgiveness and love ! i love everyone , even those who are doing this deed			1
' convicted murderer @entity5 ( pictured left in 2012 and right in his 1990 arrest photo ) died on wednesday at 12.10am , nine minutes after receiving lethal injection in @entity8 , @entity9 on february 2 1990 , a drunk @entity5 , then 22 , broke into an apartment next door to his mother 's home in @entity28 , where he was living , to steal money for more beer			1
@entity31 , a 36 - year - old special education teacher , had left the sliding glass door on to her balcony open			1
@entity5 confronted @entity34 in her bedroom and viciously beat her , leaving the woman with six broken ribs and severe head and facial wounds			1
he used a kitchen knife to slit her throat so deeply that her spine was damaged			1
miss @entity31 died of blood loss and asphyxiation			2
the killer then returned the next day to clean up blood , throw clothes in a trash bin and scrub miss @entity31 's fingernails to remove any traces of his skin			1
the 36 - year - old 's body was discovered after she failed to report for work on monday morning			0
however @entity5 failed to spot a key piece of evidence : blood on a dresser			2
victim : special education teacher @entity31 , pictured , was brutally beaten and had her throat slit by @entity5 in 1990 at her @entity28 , @entity9 home ' there was a really good palm print in blood , ' said @entity63 , a retired @entity28 detective who now works as an investigator for the @entity28 prosecutor			1
lab analysis matched the print to @entity5 , whose prints were on file for a previous crime			2
the @entity71 reported that the victim 's brother , @entity72 , was among the 14 people who watched @entity5 die			2
he read a statement which said : ' this guy had no mercy on @entity78 but now we are expected to have mercy on him			0
' his sister had dedicated her life to helping children with special needs , mr @entity72 said , adding : ' to say @entity78 was a special person is an understatement			0
' he said that waiting 25 years to watch @entity5 executed had been excruciating for @entity78 's loved ones and that her parents had passed away before they could see their daughter 's killer die			1
@entity5 claimed that he had been upset over his pending divorce when he killed @entity34			1
@entity5 was convicted and sentenced to death			2
he was executed on wednesday after losing an 11th hour - appeal to the @entity94 on grounds that the lethal injection could cause a painful death			1
@entity9 obtains execution drug , pentobarbital , from an unnamed compounding pharmacy , and prison officials refused to disclose details about how or if it has been tested			2
@entity5 's attorney argued that the secrecy made it impossible to know if the barbiturate would work quickly or cause an unconstitutionally painful death			2
the @entity110 @entity94 and @entity9 governor @entity109 denied appeals to spare his life			0
it was @entity9 's first execution of the year after the state executed a record ten inmates in 2014			1
last month , the @entity94 put three executions in @entity118 on hold until a decision is reached on the method of lethal injection used			1
@entity5 was sentenced to death three separate times in the case			0
the @entity126 tossed the murder conviction the first time , citing concerns about ineffective assistance of counsel and ' egregious ' errors committed by @entity132 , who was with the @entity9 attorney general 's office at the time and handled the prosecution			0
mr @entity132 was later a congressman and a candidate for governor			0
@entity5 was tried again in 1997 , and sentenced again to death			0
that conviction was also overturned , due to a procedural error by the judge			0
@entity5 was sentenced to death a third time in 1999			0
@entity5 's lawyer had said he was remorseful for his crimes and had spent ' thousands of hours ' working in a restorative justice program in prison , trying to help crime victims			0
@entity110 states have executed seven people so far in 2015 after putting 35 inmates to death last year. , according to the @entity150			0
@entity9 will change its time for executions from midnight to 6pm starting with the next scheduled execution in march , according to the @entity154			0
a local anti-death penalty group held a vigil on tuesday night into wednesday morning in @entity157 , the state capital .			0

@entity160 , 47 , executed for 1990 killing of school teacher *neighbor* @entity31 at her home in @entity28 , @entity9
@entity5 broke in and brutally beat @entity34 , 36 , and slit her throat so deeply her spine was damaged
the killer sang for a minute after receiving the lethal injection . he was pronounced dead after nine minutes
in a final statement , @entity5 said : ' for this world full of anger , hate and revenge , i would like to pray for peace , forgiveness and love ! '

@entity31:Jill Frey
@entity160:Walter Storey
@entity94:Supreme Court
@entity7:Eastern Reception , Diagnostic and Correctional Center
@entity34:Miss Frey
@entity5:Storey
@entity71:St Louis-Dispatch
@entity9:Missouri
@entity8:Bonne Terre
@entity132:Hulshof
@entity72:Frey
@entity110:U.S.
@entity78:Jill
@entity154:St Louis Post-Dispatch
@entity126:Missouri Supreme Court
@entity109:Jay Nixon
@entity28:St Charles
@entity150:Death Penalty Information Center
@entity157:Springfield
@entity63:Mike Harvey
@entity118:Oklahoma