http://web.archive.org/web/20141023082926id_/http://www.dailymail.co.uk/news/article-2657290/Chicago-man-exonerated-1980-killing-32-years-prison-facing-new-murder-charges-police-say-killed-man-game-dice.html

a @entity1 man who served 32 years in prison before being declared innocent in the 1980 rape and murder of a 3 - year - old girl is now facing a new murder charge			1
dna evidence prompted the 2012 release of @entity9 and an innocence declaration in the death of @entity12 of @entity13			1
@entity9 was charged thursday in the 2013 death of @entity15			2
@entity1 man @entity9 , who served 32 years in prison before being declared innocent in the 1980 rape and murder of a 3 - year - old girl , is now facing a new murder charge the 53 - year - old @entity9 is jailed without bond			1
@entity22 reports that roughly 15 months after @entity9 ' release , @entity15 was attending a party hosted by @entity9 ' nephew at about 3 a.m. prosecutors say the 19 - year - old @entity15 got into a dispute with @entity9 ' nephew over money lost in a dice game			1
assistant state 's attorney @entity31 said the nephew shot and wounded @entity15 , and @entity9 later cut the man 's throat and dumped his body in an alley			1
a witness later told police @entity15 had made sounds after being shot , letting them know he was still alive			0
@entity9 , right , pictured hugging his father @entity41 inside the @entity42 before his release in 2012 , is accused of killing a man over a dice game the unnamed witness and @entity9 then carried @entity15 's body to the trunk of a @entity49 , and @entity9 drove off telling people he was going to find a place to dump the corpse			2
the body was found later that day in an alley			0
authorities say @entity15 suffered three gunshot wounds to the face , lower neck , and left armpit			0
he had also been stabbed four times			0
@entity9 told one witness he cut @entity15 's throat , according to prosecutors			0
in addition to the 1980 case , @entity9 has faced attempted murder , aggravated battery and weapons charges .			0

@entity9 was freed in the 1980 rape and murder of a 3 - year - old girl after being *cleared* by dna evidence
authorities claim he shot and stabbed @entity15 15 months after being released
@entity9 , 53 , is being held without bond

@entity22:NBC Chicago
@entity31:Robert Mack
@entity15:Jamal Harmon
@entity13:Rantoul
@entity12:Brianna Stickle
@entity9:Davis
@entity1:Chicago
@entity41:Richard Davis
@entity42:Tamms Correctional Center
@entity49:Cadillac