http://web.archive.org/web/20121101021020id_/http://www.dailymail.co.uk:80/news/article-2182209/Man-allowed-dog-starve-death-forced-live-remains-MONTH-food.html

by @entity0 published : 13:04 est , 1 august 2012 updated : 16:03 est , 1 august 2012 a dog owner allowed one of his @entity3 's to starve to death with another forced to eat its remains after leaving the pair without food for a month			2
@entity9 , 29 , left the animals unattended after moving with his children to stay at his mother ’s home			1
the dogs were left in appalling conditions and although there was a bag of dog biscuits on a worktop - it was just out of their reach			1
@entity23 : a dog owner allowed one of his @entity3 's to starve to death			2
@entity27 , pictured , only stayed alive after eating the remains of the dead dog			2
@entity27 is pictured after being rescued a female called ‘ @entity31 ’ , eventually starved to death while the other , a male called ‘ @entity27 ’ , stayed alive by eating her remains , appearing at @entity37 yesterday , @entity9 , from @entity35 , @entity36 , admitted two animal cruelty charges			2
the dogs were discovered by @entity41 inspector @entity40 after a call from a concerned member of the public			2
she said : ' when i saw @entity27 at the window it was obvious he was emaciated and when i looked in i saw what i thought was a toy he ’d chewed up			0
' it took a moment before i realised the full horror of what it actually was , the remains of @entity31			0
' the @entity41 had offered advice to @entity9 in july 2011 , given him neutering vouchers and re-homed a third dog which he had at that time but had no complaints since			1
horrific : @entity9 , 29 , left the animals unattended after moving with his children to stay at his mother 's home			1
the scene inside the flat is pictured the court heard that @entity9 and his children had moved into his mother ’s house in @entity72			1
he had n’t been back to his own property for more than four weeks			0
@entity41 inspector @entity40 said : ' that @entity27 survived is a miracle			0
when police gained access he raced past us to a bowl of dirty water in the garden with cigarette butts in it and tried to drink from it			0
' the conditions in the house were terrible			0
the place was covered in faeces and the floor was slippery with urine			0
' there was a shredded dog food bag on the floor , an empty tub of gravy granules and chewed towels and of course what was left of his companion			1
' tragically , there was a bag of dog biscuits on the worktop which it looked as though the dogs had been trying to reach but it was just too high			1
' @entity9 ’ solicitor told the court he was finding it difficult to manage his responsibilities and had moved in with his mother to help			1
he ’s due to appear at @entity37 on august 21 for sentencing			0
after being signed over to the @entity41 , @entity27 has recovered and has been happily re-homed .			0

@entity9 left the animals unattended after moving with his children to stay at his mother ’s home
the dogs were left in appalling conditions with a bag of dog biscuits just out of their reach

@entity3:Jack Russell
@entity23:Grim
@entity0:Anthony Bond
@entity35:High Peak
@entity27:Simba
@entity37:Buxton Magistrates Court
@entity36:Derbyshire
@entity9:Shane Maurice Potts
@entity40:Campbell
@entity41:RSPCA
@entity31:Nala
@entity72:Chapel-en-le-Frith