http://web.archive.org/web/20110930163046id_/http://www.dailymail.co.uk:80/news/article-2041174/Jade-Goody-phone-hack-allegations-Big-Brother-stars-fears-weeks-died.html

by @entity1 reporter last updated at 10:29 pm on 24th september 2011 @entity2 , who died in 2009 from cervical cancer , told of her fears that her phone was hacked @entity2 's mother has said her daughter feared her phone was being hacked			2
@entity8 also believes she was targeted weeks before @entity2 died			2
publicist @entity9 told the @entity10 : ' she will be going to the police			2
she believes her phone was hacked by the @entity12 , and @entity2 ’s			2
' @entity2 told me , ‘ i ’m convinced my phone is being hacked ’			2
” @entity15 and @entity16 declined to comment on the allegations			1
mr @entity9 told @entity18 : ' according to @entity8 , there were several stories which could only have been obtained through hacking			0
' ' if your daughter is dying , to know that confidential messages are being listened to - you can imagine how any mother would feel , ' he added			0
the reality tv star died aged 27 on @entity28 2009 after a very public battle with cervical cancer			2
@entity2 was diagnosed in august 2008 and was told the news while she was on @entity32 , @entity34 's version of @entity35			1
in february 2009 , she was told the cancer had spread to her liver , bowel and groin and was now terminal			0
in further revelations , it appears a former @entity12 executive received thousands of pounds of secret payments from @entity16 while working at @entity15			1
@entity44 picked up £ 25,000 during late 2009 and in 2010 for providing ‘ crime exclusives ’ , detailing @entity47 investigations			0
secret payments : @entity44 received money from @entity16 while working for the @entity47 he was working as a consultant for sir @entity51 , the commissioner of the @entity47 , and being paid £ 24,000 a year by the taxpayer			1
the details of the payments from @entity56 ’s media company have been found by detectives probing phone hacking at the @entity12			0
the @entity59 reported that mr @entity44 may have been selling stories to other newspapers while working at @entity15			0
he was deputy to @entity12 editor @entity62 at the time phone hacking was taking place			1
known as the ‘ @entity65 ’ , he was made executive editor after mr @entity62 resigned as editor			1
he then left @entity16 in august 2009			1
a month later he joined the @entity47 on a two - day - a - month contract advising top officers			0
mr @entity44 resigned from @entity15 last september following allegations of phone hacking at his former paper , and this july he was arrested on suspicion of intercepting phone messages			0
details of his employment led to the resignation from the @entity47 of sir @entity51 and another senior officer , @entity78			0
@entity62 is suing @entity16 , his former employer it was reported last night that during his employment at @entity15 , he received payments totalling £ 25,000 from @entity16			1
this included a payment of £ 10,000 for a single crime story			0
police believe one of the stories he fed to the media company included details of a suspected assassination attempt on the @entity92 during last year ’s visit			0
it also emerged last night that mr @entity62 may have started the process of suing his bosses at the defunct newspaper			1
legal documents lodged in @entity99 yesterday show that @entity100 , which owned the @entity12 , is being sued by a mr @entity101			0
mr @entity62 became @entity103 ’s director of communications after his stint as editor of the disgraced paper			1
he resigned from @entity107 in january and was arrested by detectives and questioned over phone hacking in july			0
@entity56 has apologised for the ' serious wrongdoing ' of the @entity12 phone hacking scandal which brought down the sunday tabloid neither @entity16 nor mr @entity62 would comment over whether the ‘ mr @entity101 ’ is indeed the former editor			1
if it is , it is likely the lawsuit is linked to @entity16 ’s decision to stop paying his legal bills			1
@entity119 , the private investigator jailed in 2007 over phone hacking , sued the company last month after the company stopped paying his legal fees			0
the case , a @entity62 v @entity124 , will be heard at the @entity126 , @entity127			1
last month , it emerged that mr @entity62 continued to receive payments agreed as part of a severance package even after he was taken on by the conservatives .			2

@entity35 star was ' convinced ' she was targeted by hackers
former editor @entity62 ' suing @entity16 '

@entity28:Mother 's Day
@entity119:Glenn Mulcaire
@entity12:News of the World
@entity2:Jade
@entity1:Daily Mail
@entity9:Clifford
@entity8:Jackiey
@entity51:Paul
@entity78:John Yates
@entity59:Daily Telegraph
@entity56:Rupert Murdoch
@entity16:News Group Newspapers
@entity15:Scotland Yard
@entity32:Big Boss
@entity35:Big Brother
@entity34:India
@entity10:Guardian
@entity18:Sky News
@entity100:News Group Ltd
@entity101:A Coulson
@entity103:David Cameron
@entity99:London
@entity107:Downing Street
@entity126:High Court of Justice
@entity127:Queen ’s Bench Division
@entity124:News Group Newspapers Ltd
@entity92:Pope
@entity44:Wallis
@entity47:Met
@entity65:Wolfman
@entity62:Andy Coulson