http://web.archive.org/web/20150219204456id_/http://www.dailymail.co.uk/news/article-2452453/Orthodox-rabbis-plotted-kidnap-torture-Jewish-men-cattle-prods-karate-divorce-wives.html

two @entity1 rabbis have been arrested for allegedly plotting to kidnap and beat @entity3 men - using cattle prods and karate moves - so that they would divorce their wives			1
@entity8 and @entity9 were arrested following a sting operation with an undercover agent posing as unhappily married woman in @entity13 , the @entity7 announced on thursday			1
orthodox rules allow only a man to initiate a divorce , but the rabbis allegedly told the woman they would torture her husband into agreeing to one - if she paid tens of thousands of dollars			1
accused : rabbi @entity8 , pictured , was arrested with another rabbi and two other men for allegedly offering to kidnap and torture husbands so they 'd grant their wives divorces they allegedly said they would use electric cattle prods , karate and handcuffs and put plastic bags over the heads of reluctant husbands , and found warehouses to hold the men hostage			1
the men allegedly told the agent that they carried out similar jobs every 18 months in the community			1
sources told @entity38 that the alleged scheme has been in place for as long as 20 years , and 1010 wins reported that there have been more than a dozen kidnappings tied to it			0
in august , the rabbis allegedly met to authorize the plot , telling the woman they wanted $ 10,000 for the kidnapping and between $ 50,000 to $ 60,000 to pay a ' tough guy ' to carry out the beatings			2
in @entity3 law , in order to be granted a religious divorce , a husband must provide his wife with a document known as a ' get '			1
only a husband can initiate divorce by issuing the ' get '			1
probe : an @entity7 agent stands guard as evidence sits in the trunk of a vehicle at the @entity65 residence of rabbi @entity8 during an investigation early thursday morning following his arrest seized : several defendants , including @entity69 and another rabbi , ( none pictured ) were arrested in an overnight sting after the agent contacted @entity75 , he allegedly said in a recorded phone call : ' you have to , we have to , convene a special beth din and see if there are grounds to , to , to coerce him on the " get "			1
' he said that she needed to make sure he could get to @entity84 , where someone could harass him			0
a week later , the agents met with @entity69 in @entity13 and he talked about kidnapping and torturing the husbands			0
' basically what we are going to be doing is kidnapping a guy for a couple of hours and beating him up and torturing him and then getting him to give the " get " , ' @entity69 allegedly said			0
' i guarantee you that if you ’re in the van , you ’d give a " get " to your wife			0
you probably love your wife , but you ’d give a " get " when they finish with you			0
' two other men , @entity101 and another known as ' @entity102 ' , have also been charged in the plot after they allegedly assisted the rabbis in obtaining the divorces , authorities said			1
investigation : @entity7 agents remove evidence from the @entity69 's home			2
their probe has taken two years shock : sources said that the rabbis have provided the ' service ' for as long as twenty years the rabbis are expected to appear in federal court in @entity117 on thursday			0
a total of ten people have been taken into custody in connection with case , 1010 wins reported			0
the arrests come after a lengthy investigation that started more than two years ago in the @entity127 community in @entity128 , @entity13			0
the investigation was carried out in @entity130 and @entity131 counties in @entity13 and @entity132 in @entity84			0
on wednesday night , @entity7 agents were seen carrying out raids on a @entity65 home and a yeshiva in @entity136 , @entity84 in connection with the investigation			2
the charges against the men include plotting to kidnap , abduct , hold for ransom and threaten to ' coerce a man to conduct a divorce '			2

only @entity1 men can initiate divorce - not their wives
@entity3 women ' paid rabbis @entity8 and @entity75 to pressure their husbands into initiating the divorces '
men busted after @entity7 agent went undercover as unhappily married woman

@entity3:Jewish
@entity1:Orthodox
@entity65:Brooklyn
@entity7:FBI
@entity38:WCBS
@entity9:Martin Wolmark
@entity8:Mendel Epstein
@entity117:Trenton
@entity101:Ariel Potash
@entity102:Yaakov
@entity84:New York
@entity128:Lakewood
@entity69:Epstein
@entity75:Martin Wolmark
@entity13:New Jersey
@entity127:ultra-Orthodox
@entity136:Monsey
@entity131:Middlesex
@entity130:Ocean
@entity132:Rockland County