http://web.archive.org/web/20140521190434id_/http://www.dailymail.co.uk/travel/article-2635052/Travel-chaos-warning-17-million-cars-expected-UKs-roads-bank-holiday-weekend.html

by @entity0 seventeen million cars are expected to take to the roads over the bank holiday weekend - despite the threat of rain			1
the @entity7 and traffic information company @entity6 have warned that monday will be the busiest traffic of the year so far as it coincides with the start of the half term			1
a busier - than - usual evening rush - hour on friday and more jams on saturday are also being predicted as thousands set off on holiday over the extended weekend			2
travel warning : 17 million cars are expected on the roads this weekend - with the @entity18 a hot spot and the travel misery wo n’t just be on the roads			1
those travelling by rail have been warned to expected delays as they contend with engineering work in places , including amendments to @entity30 services due to engineering work between @entity32 and @entity33 in the @entity34			0
on the roads , a series of sporting events , air shows and music festivals are likely to add to congestion , with the @entity18 , @entity41 , @entity42 , @entity43 , @entity44 , @entity45 , @entity46 , @entity47 and @entity48 expected to be particularly busy			1
breakdown experts are warning drivers that the packed roads could spell misery for 51,000 motorists			2
@entity54 revealed there will be 10,300 flat batteries and one puncture every minute across the country , and 13 drivers every hour will manage to lock their keys in their car			2
one driver every 15 minutes put the wrong fuel in the tank			0
rush hour : friday evening and saturday morning are expected to be busy as holidaymakers set off @entity7 patrolman of the year @entity69 said : ‘ whatever the weather , drivers should be prepared for extra traffic and possible delays on major routes to coastal areas and holiday resorts			1
‘ planning your journey and avoiding the main bottlenecks could relieve the frustration of sitting in a traffic jam			0
‘ the roads are likely to be extremely busy and it could take a lot longer to get to your destination than you expect			0
’ @entity86 are warning drivers to check routes online before travel			0
traffic experts also say that sporting events are likely to add to the travel chaos , with the horse racing at the @entity94 , cricket at the @entity96 , @entity97 at @entity98 and @entity100 @entity99 at @entity101 all causing congestion			2
popular destinations : staycationers are expected to flock to places such as @entity106 - despite the wet forecast mr @entity69 added : ‘ as the bank holiday coincides with the start of half term ; many people will have taken the whole week off and be looking to get away for a break to get their summer off to a great start			1
‘ preparing for your journey is important , especially if your car has n't undertaken a long trip for a while			0
‘ just take ten minutes extra to check the basics - oil and water levels , tyre pressures - check your handbook to see whether you need to increase pressures if you have a heavy load - and top up the windscreen washer			0

bank holiday monday expected to be busiest traffic day of the year
congestion warning for @entity18 , @entity41 , @entity42 , @entity43 , @entity44 , @entity45 , @entity46 , @entity47 and @entity48
@entity54 estimates 51,000 breakdowns over the weekend

@entity99:Heineken cup
@entity86:Trafficmaster
@entity0:Travelmail Reporter
@entity7:AA
@entity6:Trafficmaster
@entity54:Green Flag
@entity30:West Coast
@entity33:Rugby
@entity32:London
@entity34:West Midlands
@entity69:Spowage
@entity18:M25
@entity100:Rugby Union
@entity101:Cardiff
@entity106:Brighton
@entity98:Wentworth
@entity97:Golf
@entity96:Oval
@entity94:Goodwood Festival
@entity44:M6
@entity45:M27
@entity46:A303
@entity47:A30
@entity41:M1
@entity42:M3
@entity43:M5
@entity48:A38