http://web.archive.org/web/20150704032240id_/http://www.dailymail.co.uk/news/article-2868965/Owners-approve-new-personal-conduct-policy.html

@entity1 owners unanimously voted for a new personal conduct policy to be put in place in the wake of scandals involving players @entity6 and @entity8			1
the league has been heavily criticized over the last six months as it struggled with a policy widely seen as too lenient			1
commissioner @entity11 came under fire over his handling of the high - profile domestic violence cases involving @entity6 and @entity8 with the players ' union demanding mr @entity11 be removed entirely from the disciplinary process			1
@entity1 commissioner @entity11 , left , looks on as @entity20 executive vice president @entity19 speaks at an @entity1 press conference during an owners meeting in @entity23 , @entity24 but a new ' comprehensive ' policy was unveiled at a regularly scheduled owners meeting in @entity23 , @entity24 , outside @entity27 on wednesday			1
mr @entity11 said : ' the policy is comprehensive			1
and it is better for everyone associated with the @entity1			0
' among the changes are a ' more extensive ' list of prohibited conduct and @entity1 - funded counseling and services for victims , families , and violators , he said			1
he added : ' i have stated it many times : being part of the @entity1 is a privilege			0
it is not a right			0
the measures adopted today uphold that principle			0
' he announced the league will hire a special counsel for investigations and conduct to oversee initial discipline , but mr @entity11 will retain authority to rule on appeals			2
@entity6 , right , is free to play in the @entity1 after knocking out his then - fiancee @entity59 , centre , in a casino lift the commissioner may also appoint a panel of independent experts to participate in appeals			1
a nine - member committee that includes owners and their wives ( the addition of female voices on the committee is new ) and former players will oversee the implementation of the policy			0
@entity76 owner @entity75 will serve as chairman of the committee , which has been brought in after a series of incidents saw players accused of domestic violence or child abuse			0
last month , an arbitrator threw out @entity6 's indefinite suspension by the @entity1 for hitting his then - fiancee @entity59 in a hotel elevator , freeing him to play again			1
former @entity88 district judge @entity87 said mr @entity11 's decision in september to change @entity6 's original suspension from two games to indefinite was ' arbitrary ' and an ' abuse of discretion			1
' @entity76 president and chairman of the @entity1 's new @entity96 @entity75 after noting the two - game suspension given to @entity6 was insufficient , mr @entity11 had changed the minimum punishment under the personal conduct policy to six games			1
but after a video of the punch became public , @entity6 was released by the @entity103 and @entity11 suspended him indefinitely			1
@entity6 and the union contended he was essentially sentenced twice , and @entity105 agreed , saying @entity6 ' did not lie to or mislead the @entity1			2
' @entity8 's appeal of a league suspension lasting until next april 15 was heard by @entity108 last week			2
@entity108 , a former @entity1 executive , was appointed by @entity11 to rule on the appeal and is expected to do so soon			2
@entity8 is seeking reinstatement , something @entity11 said he would not consider before april 15			2
the 2012 @entity112 has n't played for the @entity113 since week 1 after he was charged with child abuse in @entity24			0
he was placed on paid leave while the legal process played out , and he pleaded no contest on november 4 to misdemeanor reckless assault for injuring his four - year - old son with a wooden switch			0
the league added the policy was developed after an extensive series of meetings and discussions over the past four months with a wide range of experts and others inside and outside the @entity1			2
these include current and former players , the @entity131 , domestic violence and sexual assault experts and advocates , law enforcement officials , academic experts and business leaders			0
asked whether he anticipated a challenge from the union , mr @entity11 deferred to @entity1 general counsel @entity141 , who said the owners ' decision was ' entirely consistent with the collective bargaining agreement			2
' ' i do n't know whether the union will challenge it or not , but we 've given it a lot of thought , ' @entity141 said			0
' and i would hope they do n't challenge			0
we 'd be happy to sit down with them again tomorrow if they wanted to have some further conversations about it			0
i do n't think there 's any need for legal challenges			0
' former @entity113 running back @entity8 is currently banned by the @entity1 after hitting his four - year - old son with a wooden switch			1

league has been heavily criticized for a policy widely seen as too lenient
comes after @entity6 was free to play again after knocking out his then - fiancee @entity59 in a lift
@entity8 was banned after he disciplined his son , four , with a switch
commissioner @entity11 insists the new policy is ' comprehensive '
among changes is @entity1 - funded counseling and services for victims , families , and violators

@entity23:Irving
@entity20:Dallas Cowboys
@entity27:Dallas
@entity24:Texas
@entity113:Minnesota Vikings
@entity112:NFL MVP
@entity87:Barbara S. Jones
@entity88:U.S.
@entity131:NFL Players Association
@entity1:NFL
@entity6:Rice
@entity8:Peterson
@entity75:Michael Bidwill
@entity59:Janay
@entity76:Arizona Cardinals
@entity11:Roger Goodell
@entity19:Charlotte Jones Anderson
@entity103:Ravens
@entity105:Jones
@entity108:Henderson
@entity96:Conduct Committee
@entity141:Pash