http://web.archive.org/web/20150131093310id_/http://www.dailymail.co.uk/news/article-2348765/British-man-breaks-record-speeding-French-motorway-160mph.html

a @entity1 man has broken the record for speeding on a @entity4 motorway hitting at least 160mph			1
@entity4 transport police said the @entity1 registered @entity6 was travelling so fast their speed gun went off the scale and stopped working			1
as a result it is impossible to know if the car was in fact being driven at a faster speed , police confirmed			0
astonished traffic officers said it took them four miles to catch up with the driver after he roared past them on the @entity18 in @entity19 on monday			0
speed demon : a @entity1 driver was clocked by a @entity4 police speed gun travelling at almost 160mph on a @entity4 motorway on monday in an @entity6 ( file photo ) the driver was identified only as a businessman from @entity27 in a company car			1
@entity4 police have so far refused to name him			2
the vehicle was impounded on orders from the prosecutor at @entity34 and the driver 's license was confiscated			0
he was immediately banned from driving on all @entity4 roads			1
he has also been summoned to appear in court where he faces a fine of up to £ 1,300			0
a traffic police spokesman said : ‘ this is the fastest speed we have ever recorded on the entire @entity19 motorway network that we patrol			0
‘ in fact we could n't get the exact speed because the radar stopped working			0
’ the man was one of seven @entity1 drivers clocked at more than 120mph in on the same stretch of road over the weekend , amid police claims @entity1 motorists treat @entity4 roads like a racetrack			1
police in northern @entity4 frequently complain that @entity1 drivers ignore their speed limits because they can not be given points on their licence in @entity4			1
speedway : the driver of the @entity6 was caught driving at speeds of more than 160mph along the main route from @entity66 to @entity67 on monday thousands of @entity1 racing fans make the annual pilgrimage to the @entity66 racetrack at this time of year for the famous 24 - hour endurance race			1
it is not known whether any of the @entity1 drivers pulled over by the police for speeding at the weekend had attended the race			1
but the @entity76 is the main route from @entity78 to the @entity66 it comes just days after @entity81 driver @entity80 died after crashing his car during the race last weekend			1
race officials said the 34 - year - old spun off after about 10 minutes of the race in his @entity87 and hit the safety barriers at the @entity89			2
he was taken to the medical centre at the premises but later died of his injuries , the organisers said			0
@entity66 crash : race marshals work on @entity81 's @entity80 ¿ s car after his crash at the start of the @entity66 24 - hour endurance race professional racer : @entity81 racing driver @entity80 , 34 , died after crashing his car early in the 81st 24 - hours @entity66 race ( file photo ) @entity1 en route to the south of @entity4 this summer should beware if they spot an innocent - looking @entity107 on the road			1
it it may not be so innocent after all and could in fact be the latest @entity112 weapon in the war against speeding drivers			0
@entity4 police have chosen the holiday months of july and august to test a fleet of 40 anonymous @entity117 packed with radar , which will cruise the motorways in disguise hoping to catch speedsters unaware			1
dubbed the ' beasts with the @entity124 ' by the traffic officers the cars look harmless but they have radar equipment concealed behind the front number plate and a camera is hidden in a small , black box perched discreetly on the dashboard			0
police officers must wear uniforms when on duty by law , but they are n't obliged to wear their caps			0
exceeding the speed limit by less than 20 kilometres per hour will land motorists with a fine of € 68 ( £ 58 ) , rising to a whopping € 1,500 ( £ 1271 ) for excessive speed ( more than 50 kph too fast )			0
the @entity4 have plans to equip an extra fleet of @entity143 which will hit the roads in september in time to catch the last homeward bound tourists heading for the channel ports			2
the speed limit on a @entity4 motorway is 81mph in the dry and 69mph in the wet unless special restrictions apply			2
@entity78 police said in an average summer month , eight out of ten motorists pulled over for speeding on the @entity148 between @entity78 and @entity152 are @entity1			2
illuminated panels warning drivers to cut their speed on the 70 - mile stretch of road are now flashed up in @entity158 as well as @entity4			2
a motorway police spokesman said : ‘ some @entity1 drivers are often oblivious to the speed limits , and treat the road like they are out for a day 's motor racing			1
’ ‘ they seem to think that because they are in a foreign country , the rules do not apply to them			0
’ but @entity168 , a spokesperson for the @entity169 , rejected the stereotype of @entity1 drivers travelling at break - neck speeds in @entity4			1
however , she admitted it was easy to become complacent about speed limits when driving abroad			0
‘ as soon as you get in the car , you get in holiday mode , and as soon as you get on foreign soil , it can be easy to lose track of speed limits , ’ she said			0
two other @entity1 have previously broken speed records on @entity4 motorways			1
a @entity1 lawyer hit 148mph in an @entity87 on the @entity184 two years ago			2
another @entity185 , @entity186 from @entity187 , still holds the record for the highest speed ever recorded on the @entity191 motorway from @entity78 to @entity152			2
he was jailed for five days in november 2003 for dangerous driving after being clocked doing 153mph .			0

seven @entity1 caught driving over 120mph on @entity4 roads at the weekend
@entity4 complain @entity1 drivers treat @entity4 motorways like racing tracks
speedsters caught after @entity66 24 - hour race which saw tragic death of @entity81 racing driver
thousands of @entity185 make the pilgrimage for the annual endurance event
police to roam @entity4 motorways in new 300 - strong fleet of *unmarked* @entity211 and @entity212 208s

@entity27:London
@entity148:A26 motorway
@entity117:Renault Meganes
@entity81:Danish
@entity158:English
@entity112:Gallic
@entity87:Aston Martin
@entity152:Paris
@entity1:British
@entity211:Renault Meganes
@entity212:Peugot
@entity4:French
@entity191:A26
@entity78:Calais
@entity76:A28
@entity34:Evreux
@entity19:Normandy
@entity18:A28 motorway
@entity89:Tertre Rouge bend
@entity107:Renault Megane
@entity124:Kodak
@entity6:Audi R8
@entity80:Allan Simonsen
@entity143:Peugeot 208s
@entity168:Rosie Sanderson
@entity169:AA
@entity184:A4 motorway
@entity185:Brits
@entity186:Sean Barlow
@entity187:Surrey
@entity66:Le Mans
@entity67:Rouen