http://web.archive.org/web/20150711195947id_/http://www.dailymail.co.uk/travel/travel_news/article-2892357/Japanese-company-offers-holidays-TEDDY-BEARS-complete-tours-Europe-souvenir-pictures-sent-owners.html

a @entity1 company has set up an exclusive holiday programme for teddy bears			1
@entity4 , 38 , of @entity5 , based in @entity6 , @entity1 , organises stuffed animal tours throughout @entity1 , @entity8 and the @entity9			1
@entity10 is the name the @entity1 use for eels , and the company takes its name from when ms @entity15 used a picture of the fish as her online avatar , and her friends began taking pictures of themselves with an eel on various trips around the world			2
this cuddly character has taken a visit to the @entity26 in @entity6 , @entity1 after a tiring day , these stuffed toys put their feet up outside @entity28 in @entity1 the toys take some time out to admire the @entity30 in @entity6 , @entity1 while the idea came to ms @entity15 as a bit of a joke , it offers the owners of the stuffed animals a chance to see some fantastic locations throughout the world through the eyes of their toys			1
the photo 's of the teddy bear 's holiday are posted onto @entity5 's @entity47 page , so the owners get to witness some of their adventures			1
prior to the owners shipping out their bear to the @entity6 base , they must fill out a questionnaire regarding the cuddly toy 's dietary requirements , keen interests and hobbies			2
customer send their toys to @entity5 so as to see destinations through another pair of eyes the toys ' favourite food and drink is asked for by @entity10 travel , which the customers fills out on dispatch not all the toys will enjoy the ingredients in this dish , but all tastes will be catered for if you look closely , you can just make out a few cheeky characters joining in the @entity1 artwork there are a number of tour packages to chose from			1
your bear can be whisked on a mystery tour for $ 35 and could end up anywhere in the world			2
then there are the set tours ; @entity6 is $ 45 , @entity85 costs $ 55 , with @entity86 also priced at $ 55			2
the client is expected to cover the cost of posting the toy out to @entity6 , with the company paying the return leg			0
the furry friends must weigh no more than 250 grams			0
photos of the cuddly toys at various locations are posted by @entity5 to their @entity47 page - here this penguin stands outside @entity28 the stuffed toys get ready for their adventure at @entity100 owners of the stuffed toys must ensure they pack essentials so their animals do n't come back ill the toys are selected for a special journey - it could be a ' mystery ' which has seen toys posted all over the world and to famous tourist hotspots one satisfied customer is @entity111 , who lives in @entity112 , @entity113 , @entity9			1
he sent his girlfriend @entity114 's stuffed cat , @entity116 , on a trip to @entity1			0
speaking to @entity118 , mr @entity111 said : ' you 're vicariously living through your stuffed animal			0
because @entity114 and i eventually want to go to @entity1 … now we have a tour guide we can bring			0
she scoped it out for us			0
' the stuffed animals will spend between two and three weeks in a city .			0

@entity5 , based in @entity6 receives cuddly toys through the post
owners can chose various tours in @entity1 , or *opt* for the ' mystery tour '
teddy bears have visited @entity8 and the @entity9 on their travels
photos *uploaded* to @entity47 of where the toys visit in the world

@entity30:Meiji Jingu Shrine
@entity1:Japan
@entity26:Imperial Palace
@entity6:Tokyo
@entity5:Unagi Travel
@entity4:Sonoe Azuma
@entity9:US
@entity8:Europe
@entity15:Azuma
@entity100:Tokyo Metro Station
@entity116:Meggy Weggy
@entity10:Unagi
@entity47:Facebook
@entity113:Massachusetts
@entity85:Onsen Hot Spring
@entity86:Kamakura
@entity112:Hull
@entity111:Green
@entity114:Megan
@entity28:Tokyo Tower
@entity118:Inquisitr