http://web.archive.org/web/20140211164936id_/http://www.dailymail.co.uk/femail/article-2348042/Steal-Novak-Djokovics-sporting-style-just-8-high-street-brand-Uniqlo.html

by @entity0 published : 08:15 est , 25 june 2013 updated : 03:25 est , 26 june 2013 you might not be able to match his sublime tennis skills but you can now replicate the look of number one player @entity6			1
his sponsors @entity7 are selling replicas of his kit online and in their @entity12 stores			0
and you do n't need to have a salary like the tennis ace in order to afford it as prices start at £ 7.90 for a pair of socks or £ 29.90 for a polo shirt			1
@entity7 have designed different kits for each of the grand slams the @entity24 star has played in the last year			1
each of the outfits is tailored to the traditions of the tournament or to reflect the values or flag of the country he 's competing in			0
dress like a champ : @entity6 's kit is on sale on the @entity12 @entity36 whites : you might not be able to play like @entity6 but now you can look like him , shorts and t - shirt £ 29.90 each for example , according to @entity7 , his kit for january 's @entity42 - where he won the title against @entity45 - featured green stripes ' to highlight awareness for ecological and environmental causes			2
' the @entity50 brand reveal how @entity6 has a creative influence over the kit he wears as ' the initial design featured stripes all over the t - shirt , but as per @entity6 's request , they were just used on the sleeves			1
' as he takes to centre court at @entity36 today on his quest to win another grand slam , he will of course have to adhere to the rule of the tournament of wearing white			1
but the brand 's website states that their design director @entity66 ' opted for a classic white to emphasise @entity6 's strong physique '			2
the kit includes some subtle colouring with a line of brown stitching on one side and the red @entity7 logo			0
traditional : djokovic models his ' classic white ' kit on centre court today fashion conscious : the green on the @entity24 's @entity42 kit , left , was used to ' highlight awareness for ecological and environmental causes ' while the colour of his @entity86 polo shirt , right , was chosen so he would stand out against the clay replicas of the white polo shirt with a zip and matching shorts can be purchased for £ 29.90 each			1
when the player was able to wear a colourful kit at last month 's @entity86 , he opted for a light green shade that the brand stated was chosen to make him stand out against the red clay of the @entity102 courts			1
they add it was ' also specifically chosen to represent @entity6 's ' strength and energy - as well as his passion for the @entity86			0
' @entity6 , who is the 5/4 favourite to lift the men 's singles trophy at @entity36 , will play world number 34 @entity110 in his first round match this afternoon			2
grand slam catwalk : the website of the @entity50 brand explains the different design choices sponsorship deals have helped tennis players become some of the world 's most wealthiest sports players			1
@entity6 became a brand ambassador for @entity7 in may 2012 , leaving his previous clothing sponsor , @entity122 , because he said he had ' outgrown ' their brand			0
the @entity7 collections of his grand slam kits were launched in the stores last month			1
the company state that the player had a personal input throughout the design process as ' @entity66 worked extremely closely with @entity6 to develop tennis apparel that matches his uncompromising standards of performance excellence			2
' the collections that are on sale include replica 's of the kit he competes in as well as his warm up gear and off court casual wear			0
sports brand @entity142 have been keen to snap up the world 's top players from @entity145 and @entity146 to @entity147 and @entity148			0
but to ensure the players maintain their own individuality and do n't appear to be wearing a uniform , they have created distinctive styles and logos for each player			0
the sale of replica kit and novelty t - shirts is also a clever marketing ploy so tennis fans can declare if they 're ' @entity160 ' or ' @entity162 ' etc by their choice of clothing			0
individuality : @entity167 's @entity166 's logo is of a @entity167 bull but the t - shit made in his honour , right , turned out to be too true given he won at the @entity86 on clay but crashed out on @entity36 's grass in the first round personal : the quirky t - shirt @entity145 warmed up in yesterday is on sale for £ 20 @entity162 : loyal fans can buy @entity142 merchandise featuring a logo of their hero 's initials			0

@entity50 brand sells @entity24 's grand slam kits
*wristbands* cost £ 7.90
number one tennis player has creative influence over the collections

@entity24:Serbian
@entity86:French Open
@entity110:Florian Mayer
@entity0:Lucy Waterlow
@entity7:Uniqlo
@entity6:Djokovic
@entity50:Japanese
@entity12:High Street
@entity36:Wimbledon
@entity146:Rafal Nadal
@entity102:Roland Garros
@entity122:Sergio Tacchini International
@entity162:Team Federer
@entity145:Federer
@entity160:Team Nadal
@entity147:Serena Williams
@entity166:Rafael Nadal
@entity167:Spanish
@entity142:Nike
@entity148:Maria Sharapova
@entity45:Andy Murray
@entity42:Australian Open
@entity66:Takizawa