http://web.archive.org/web/20130406075818id_/http://www.dailymail.co.uk/news/article-2299393/Craig-Swainson-Thugs-blinded-father-Sean-Moss-drunken-street-attack-walk-free-court-dreadful-sentencing-blunder.html

by @entity0 published : 09:01 est , 26 march 2013 updated : 14:13 est , 26 march 2013 @entity1 avoided a prison sentence for a late night street attack that left victim @entity4 blind in one eye , after his co-accused was dealt with at youth court and was given a rehabilitation order two drunken yobs have escaped jail after an apparent blunder by the courts despite having left their victim blinded in one eye			1
@entity1 clenched his fists with delight and grinned when he was spared prison for the late - night street attack			1
a judge said he was being forced to pass a lenient sentence because the other yob was wrongly dealt with by a youth court			1
victim @entity4 suffered horrific facial fractures when he was knocked to the ground and kicked in the centre of @entity24 , @entity25			1
the father - of - two , a self - employed tiler , told in a victim impact statement how the drunken attack has ruined his life			1
mr @entity4 has regained some sight in his left eye but may never be able to see properly again , @entity30 heard			2
the court was told that he has been registered disabled and unable to continue working since the brutal attack in august			2
@entity1 was caught on town centre closed circuit television cameras - along with another yob - leaving mr @entity4 unconscious			1
the other attacker - who can not be named - was earlier dealt with by the youth court and was given a rehabilitation order			1
a crown court judge , a senior prosecutor and an experienced probation officer all questioned the validity of the sentence			1
although he was aged 17 at the time of the assault , he was 18 when he was dealt with and should have been sent to the crown court			0
his punishment is the kind that is reserved for under - 18s only - but it had to be used as a bench - mark for @entity1			0
he was given a nine - month suspended prison term after recorder @entity54 , @entity56 , said : ' i have to take into consideration they way in which he was dealt with			0
' it seems to me that it would be harsh , indeed , if you were sent immediately to prison when your co-accused appears to have been dealt with in a very lenient way			1
' it would have been far better if he had been committed to this court for sentence so you could have both been dealt with together , and i see no reason why that could not have been done , bearing in mind he was 18			1
' passing sentence at @entity30 , recorder @entity54 , @entity56 , said it would be ' harsh ' if @entity1 was jailed immediately when his co-accused ' appears to have been deal with in a very lenient way ' @entity1 , 21 , from @entity24 , and the teenager , both pleaded guilty to a charge of inflicting grievous bodily harm			1
video camera footage showed the younger attacker wrestle mr @entity4 to the ground when the victim approached their group pointing his finger			2
@entity88 , mitigating , said the apprentice scaffolder had expressed ' real and genuine remorse ' for his involvement in the attack			0
he said there had been an earlier argument in a kebab shop when @entity1 was punched , and added : ' there does appear to be a degree of provocation			0
' in an impact statement , mr @entity4 said : ' whoever assaulted me has totally changed my life			2
' i am registered disabled and i 'm upset , distressed and angry			0
i am in constant fear about being alone and wo n't go out into the front street			0
i can not take the children to the local park without another adult			0
' @entity109 mp @entity108 said : ' cases like this bring the whole justice system into disrepute			0
' i would hope that the attorney general will look urgently at the dreadful inadequacy of these sentences and consider intervening			0
' the victim has been completely let down			0
' a @entity119 spokesman said : ' the case of a youth defendant facing these charges could only be sent to the @entity30 if the adult co-defendant was to be tried there			0
' it is not possible for youth defendants to be tried alone at @entity30 on these particular charges and as @entity128 , the adult defendant , pleaded guilty and did not face a @entity130 trial , there was no option but to send the youth defendant ’s case to the @entity133			2

judge tells @entity1 he was forced to pass lenient sentence
sentence of co-accused , dealt with by youth court , used as *benchmark*
@entity130 hears how attack has ruined victim @entity4 *'s* life

@entity30:Crown Court
@entity1:Craig Swainson
@entity0:James Rush
@entity24:Darlington
@entity4:Sean Moss
@entity119:CPS
@entity25:County Durham
@entity88:David Lamb
@entity56:QC
@entity128:Craig Swainston
@entity54:Bernard Gateshill
@entity108:Martin Callanan
@entity109:Euro
@entity130:Court
@entity133:Youth Court